Component: ARM Compiler 5.06 update 6 (build 750) Tool: armlink [4d35ed]

==============================================================================

Section Cross References

    main.o(.text) refers to delay.o(.text) for delay_init
    main.o(.text) refers to system_init.o(.text) for JTAG_Set
    main.o(.text) refers to led.o(.text) for LED_Init
    main.o(.text) refers to key.o(.text) for KEY_Init
    main.o(.text) refers to motor.o(.text) for MiniBalance_PWM_Init
    main.o(.text) refers to usartx.o(.text) for uart3_init
    main.o(.text) refers to test_oled.o(.text) for OLED_SHOW_INIT
    main.o(.text) refers to encoder.o(.text) for Encoder_Init_TIM2
    main.o(.text) refers to input.o(.text) for Get_Robot_Position
    main.o(.text) refers to test_fuction.o(.text) for test_pwm
    system_stm32f10x.o(.text) refers to system_stm32f10x.o(.data) for SystemCoreClock
    startup_stm32f10x_hd.o(STACK) refers (Special) to heapauxi.o(.text) for __use_two_region_memory
    startup_stm32f10x_hd.o(HEAP) refers (Special) to heapauxi.o(.text) for __use_two_region_memory
    startup_stm32f10x_hd.o(RESET) refers (Special) to heapauxi.o(.text) for __use_two_region_memory
    startup_stm32f10x_hd.o(RESET) refers to startup_stm32f10x_hd.o(STACK) for __initial_sp
    startup_stm32f10x_hd.o(RESET) refers to startup_stm32f10x_hd.o(.text) for Reset_Handler
    startup_stm32f10x_hd.o(RESET) refers to stm32f10x_it.o(.text) for NMI_Handler
    startup_stm32f10x_hd.o(RESET) refers to exit_interupt.o(.text) for EXTI9_5_IRQHandler
    startup_stm32f10x_hd.o(RESET) refers to encoder.o(.text) for TIM2_IRQHandler
    startup_stm32f10x_hd.o(RESET) refers to usart.o(.text) for USART2_IRQHandler
    startup_stm32f10x_hd.o(RESET) refers to usartx.o(.text) for USART3_IRQHandler
    startup_stm32f10x_hd.o(.text) refers (Special) to heapauxi.o(.text) for __use_two_region_memory
    startup_stm32f10x_hd.o(.text) refers to system_stm32f10x.o(.text) for SystemInit
    startup_stm32f10x_hd.o(.text) refers to __main.o(!!!main) for __main
    startup_stm32f10x_hd.o(.text) refers to startup_stm32f10x_hd.o(HEAP) for Heap_Mem
    startup_stm32f10x_hd.o(.text) refers to startup_stm32f10x_hd.o(STACK) for Stack_Mem
    stm32f10x_adc.o(.text) refers to stm32f10x_rcc.o(.text) for RCC_APB2PeriphResetCmd
    stm32f10x_bkp.o(.text) refers to stm32f10x_rcc.o(.text) for RCC_BackupResetCmd
    stm32f10x_can.o(.text) refers to stm32f10x_rcc.o(.text) for RCC_APB1PeriphResetCmd
    stm32f10x_cec.o(.text) refers to stm32f10x_rcc.o(.text) for RCC_APB1PeriphResetCmd
    stm32f10x_dac.o(.text) refers to stm32f10x_rcc.o(.text) for RCC_APB1PeriphResetCmd
    stm32f10x_gpio.o(.text) refers to stm32f10x_rcc.o(.text) for RCC_APB2PeriphResetCmd
    stm32f10x_i2c.o(.text) refers to stm32f10x_rcc.o(.text) for RCC_APB1PeriphResetCmd
    stm32f10x_pwr.o(.text) refers to stm32f10x_rcc.o(.text) for RCC_APB1PeriphResetCmd
    stm32f10x_rcc.o(.text) refers to stm32f10x_rcc.o(.data) for APBAHBPrescTable
    stm32f10x_spi.o(.text) refers to stm32f10x_rcc.o(.text) for RCC_APB2PeriphResetCmd
    stm32f10x_tim.o(.text) refers to stm32f10x_rcc.o(.text) for RCC_APB2PeriphResetCmd
    stm32f10x_usart.o(.text) refers to stm32f10x_rcc.o(.text) for RCC_APB2PeriphResetCmd
    stm32f10x_wwdg.o(.text) refers to stm32f10x_rcc.o(.text) for RCC_APB1PeriphResetCmd
    delay.o(.text) refers to misc.o(.text) for SysTick_CLKSourceConfig
    delay.o(.text) refers to system_stm32f10x.o(.data) for SystemCoreClock
    delay.o(.text) refers to delay.o(.data) for fac_us
    usart.o(.rev16_text) refers (Special) to use_no_semi_2.o(.text) for __use_no_semihosting
    usart.o(.revsh_text) refers (Special) to use_no_semi_2.o(.text) for __use_no_semihosting
    usart.o(.rrx_text) refers (Special) to use_no_semi_2.o(.text) for __use_no_semihosting
    usart.o(.text) refers (Special) to use_no_semi_2.o(.text) for __use_no_semihosting
    usart.o(.text) refers to stm32f10x_rcc.o(.text) for RCC_APB2PeriphClockCmd
    usart.o(.text) refers to stm32f10x_gpio.o(.text) for GPIO_Init
    usart.o(.text) refers to misc.o(.text) for NVIC_Init
    usart.o(.text) refers to stm32f10x_usart.o(.text) for USART_Init
    usart.o(.text) refers to usart.o(.data) for flag_key
    usart.o(.data) refers (Special) to use_no_semi_2.o(.text) for __use_no_semihosting
    system_init.o(.text) refers to system_init.o(.emb_text) for WFI_SET
    usartx.o(.text) refers to stm32f10x_rcc.o(.text) for RCC_APB2PeriphClockCmd
    usartx.o(.text) refers to stm32f10x_gpio.o(.text) for GPIO_PinRemapConfig
    usartx.o(.text) refers to misc.o(.text) for NVIC_Init
    usartx.o(.text) refers to stm32f10x_usart.o(.text) for USART_Init
    encoder.o(.text) refers to stm32f10x_rcc.o(.text) for RCC_APB2PeriphClockCmd
    encoder.o(.text) refers to stm32f10x_gpio.o(.text) for GPIO_PinRemapConfig
    encoder.o(.text) refers to stm32f10x_tim.o(.text) for TIM_TimeBaseStructInit
    ioi2c.o(.text) refers to stm32f10x_rcc.o(.text) for RCC_APB2PeriphClockCmd
[...]
    .ARM.Collect$$libinit$$00000032          0x08000206   Section        0  libinit2.o(.ARM.Collect$$libinit$$00000032)
    .ARM.Collect$$libinit$$00000033          0x08000206   Section        2  libinit2.o(.ARM.Collect$$libinit$$00000033)
    .ARM.Collect$$libshutdown$$00000000      0x08000208   Section        2  libshutdown.o(.ARM.Collect$$libshutdown$$00000000)
    .ARM.Collect$$libshutdown$$00000002      0x0800020a   Section        0  libshutdown2.o(.ARM.Collect$$libshutdown$$00000002)
    .ARM.Collect$$libshutdown$$00000004      0x0800020a   Section        0  libshutdown2.o(.ARM.Collect$$libshutdown$$00000004)
    .ARM.Collect$$libshutdown$$00000007      0x0800020a   Section        0  libshutdown2.o(.ARM.Collect$$libshutdown$$00000007)
    .ARM.Collect$$libshutdown$$0000000A      0x0800020a   Section        0  libshutdown2.o(.ARM.Collect$$libshutdown$$0000000A)
    .ARM.Collect$$libshutdown$$0000000C      0x0800020a   Section        0  libshutdown2.o(.ARM.Collect$$libshutdown$$0000000C)
    .ARM.Collect$$libshutdown$$0000000F      0x0800020a   Section        0  libshutdown2.o(.ARM.Collect$$libshutdown$$0000000F)
    .ARM.Collect$$libshutdown$$00000010      0x0800020a   Section        2  libshutdown2.o(.ARM.Collect$$libshutdown$$00000010)
    .ARM.Collect$$rtentry$$00000000          0x0800020c   Section        0  __rtentry.o(.ARM.Collect$$rtentry$$00000000)
    .ARM.Collect$$rtentry$$00000002          0x0800020c   Section        0  __rtentry2.o(.ARM.Collect$$rtentry$$00000002)
    .ARM.Collect$$rtentry$$00000004          0x0800020c   Section        6  __rtentry4.o(.ARM.Collect$$rtentry$$00000004)
    .ARM.Collect$$rtentry$$00000009          0x08000212   Section        0  __rtentry2.o(.ARM.Collect$$rtentry$$00000009)
    .ARM.Collect$$rtentry$$0000000A          0x08000212   Section        4  __rtentry2.o(.ARM.Collect$$rtentry$$0000000A)
    .ARM.Collect$$rtentry$$0000000C          0x08000216   Section        0  __rtentry2.o(.ARM.Collect$$rtentry$$0000000C)
    .ARM.Collect$$rtentry$$0000000D          0x08000216   Section        8  __rtentry2.o(.ARM.Collect$$rtentry$$0000000D)
    .ARM.Collect$$rtexit$$00000000           0x0800021e   Section        2  rtexit.o(.ARM.Collect$$rtexit$$00000000)
    .ARM.Collect$$rtexit$$00000002           0x08000220   Section        0  rtexit2.o(.ARM.Collect$$rtexit$$00000002)
    .ARM.Collect$$rtexit$$00000003           0x08000220   Section        4  rtexit2.o(.ARM.Collect$$rtexit$$00000003)
    .ARM.Collect$$rtexit$$00000004           0x08000224   Section        6  rtexit2.o(.ARM.Collect$$rtexit$$00000004)
    .emb_text                                0x0800022c   Section       12  system_init.o(.emb_text)
    .text                                    0x08000238   Section        0  main.o(.text)
    .text                                    0x08000294   Section        0  stm32f10x_it.o(.text)
    .text                                    0x080002b0   Section        0  system_stm32f10x.o(.text)
    SetSysClockTo72                          0x080002b1   Thumb Code   214  system_stm32f10x.o(.text)
    SetSysClock                              0x08000387   Thumb Code     8  system_stm32f10x.o(.text)
    .text                                    0x08000490   Section        0  exit_interupt.o(.text)
    .text                                    0x08000494   Section       64  startup_stm32f10x_hd.o(.text)
    .text                                    0x080004d4   Section        0  misc.o(.text)
    .text                                    0x080005b0   Section        0  stm32f10x_bkp.o(.text)
    .text                                    0x08000674   Section        0  stm32f10x_gpio.o(.text)
    .text                                    0x080009d0   Section        0  stm32f10x_pwr.o(.text)
    .text                                    0x08000a9c   Section        0  stm32f10x_rcc.o(.text)
    .text                                    0x08000e40   Section        0  stm32f10x_tim.o(.text)
    TI4_Config                               0x080012e7   Thumb Code   130  stm32f10x_tim.o(.text)
    TI3_Config                               0x0800137b   Thumb Code   122  stm32f10x_tim.o(.text)
    TI2_Config                               0x0800140f   Thumb Code   130  stm32f10x_tim.o(.text)
    TI1_Config                               0x080014a3   Thumb Code   108  stm32f10x_tim.o(.text)
    .text                                    0x08001c5c   Section        0  stm32f10x_usart.o(.text)
    .text                                    0x08002064   Section        0  delay.o(.text)
    .text                                    0x08002108   Section        0  usart.o(.text)
    .text                                    0x08002258   Section        0  system_init.o(.text)
    .text                                    0x08002514   Section        0  usartx.o(.text)
    .text                                    0x080025fc   Section        0  encoder.o(.text)
    .text                                    0x0800295c   Section        0  led.o(.text)
    .text                                    0x080029c0   Section        0  motor.o(.text)
    .text                                    0x08002b1c   Section        0  pwm.o(.text)
    .text                                    0x08002ca8   Section        0  test_oled.o(.text)
    .text                                    0x08003524   Section        0  key.o(.text)
    .text                                    0x08003694   Section        0  input.o(.text)
    .text                                    0x08003958   Section        0  test_fuction.o(.text)
    .text                                    0x08003f44   Section        2  use_no_semi_2.o(.text)
    .text                                    0x08003f48   Section        0  noretval__2printf.o(.text)
    .text                                    0x08003f60   Section        0  _printf_dec.o(.text)
    .text                                    0x08003fd8   Section        0  __printf_ss.o(.text)
    .text                                    0x08004090   Section        0  heapauxi.o(.text)
    .text                                    0x08004096   Section        2  use_no_semi.o(.text)
    .text                                    0x08004098   Section        0  _printf_intcommon.o(.text)
    .text                                    0x0800414a   Section        0  _printf_fp_dec.o(.text)
    _fp_digits                               0x0800414d   Thumb Code   432  _printf_fp_dec.o(.text)
    .text                                    0x08004568   Section        0  _printf_char_file.o(.text)
    .text                                    0x0800458c   Section        8  rt_locale_intlibspace.o(.text)
    .text                                    0x08004594   Section      138  lludiv10.o(.text)
    .text                                    0x08004620   Section        0  _printf_char_common.o(.text)
    _printf_input_char                       0x08004621   Thumb Code    10  _printf_char_common.o(.text)
    .text                                    0x08004650   Section        0  _printf_fp_infnan.o(.text)
    .text                                    0x080046d0   Section        0  bigflt0.o(.text)
    .text                                    0x080047b4   Section        0  ferror.o(.text)
    .text                                    0x080047bc   Section        8  libspace.o(.text)
    .text                                    0x080047c4   Section       74  sys_stackheap_outer.o(.text)
    .text                                    0x0800480e   Section        0  exit.o(.text)
    .text                                    0x08004820   Section      128  strcmpv7m.o(.text)
    CL$$btod_d2e                             0x080048a0   Section       62  btod.o(CL$$btod_d2e)
    CL$$btod_d2e_denorm_low                  0x080048de   Section       70  btod.o(CL$$btod_d2e_denorm_low)
    CL$$btod_d2e_norm_op1                    0x08004924   Section       96  btod.o(CL$$btod_d2e_norm_op1)
    CL$$btod_div_common                      0x08004984   Section      824  btod.o(CL$$btod_div_common)
    CL$$btod_e2e                             0x08004cbc   Section      220  btod.o(CL$$btod_e2e)
    CL$$btod_ediv                            0x08004d98   Section       42  btod.o(CL$$btod_ediv)
    CL$$btod_emul                            0x08004dc2   Section       42  btod.o(CL$$btod_emul)
    CL$$btod_mult_common                     0x08004dec   Section      580  btod.o(CL$$btod_mult_common)
    i.__ARM_fpclassify                       0x08005030   Section        0  fpclassify.o(i.__ARM_fpclassify)
    locale$$code                             0x08005058   Section       44  lc_numeric_c.o(locale$$code)
    x$fpl$d2f                                0x08005084   Section       98  d2f.o(x$fpl$d2f)
    x$fpl$dadd                               0x080050e8   Section      336  daddsub_clz.o(x$fpl$dadd)
    _dadd1                                   0x080050f9   Thumb Code     0  daddsub_clz.o(x$fpl$dadd)
    x$fpl$ddiv                               0x08005238   Section      688  ddiv.o(x$fpl$ddiv)
    ddiv_entry                               0x0800523f   Thumb Code     0  ddiv.o(x$fpl$ddiv)
    x$fpl$dflt                               0x080054e8   Section       46  dflt_clz.o(x$fpl$dflt)
    x$fpl$dnaninf                            0x08005516   Section      156  dnaninf.o(x$fpl$dnaninf)
    x$fpl$dretinf                            0x080055b2   Section       12  dretinf.o(x$fpl$dretinf)
    x$fpl$dsub                               0x080055c0   Section      468  daddsub_clz.o(x$fpl$dsub)
    _dsub1                                   0x080055d1   Thumb Code     0  daddsub_clz.o(x$fpl$dsub)
    x$fpl$f2d                                0x08005794   Section       86  f2d.o(x$fpl$f2d)
    x$fpl$fadd                               0x080057ec   Section      196  faddsub_clz.o(x$fpl$fadd)
    _fadd1                                   0x080057fb   Thumb Code     0  faddsub_clz.o(x$fpl$fadd)
    x$fpl$ffix                               0x080058b0   Section       54  ffix.o(x$fpl$ffix)
    x$fpl$fflt                               0x080058e8   Section       48  fflt_clz.o(x$fpl$fflt)
    x$fpl$fmul                               0x08005918   Section      258  fmul.o(x$fpl$fmul)
    x$fpl$fnaninf                            0x08005a1a   Section      140  fnaninf.o(x$fpl$fnaninf)
    x$fpl$fretinf                            0x08005aa6   Section       10  fretinf.o(x$fpl$fretinf)
    x$fpl$frsb                               0x08005ab0   Section       20  faddsub_clz.o(x$fpl$frsb)
    x$fpl$fsub                               0x08005ac4   Section      234  faddsub_clz.o(x$fpl$fsub)
    _fsub1                                   0x08005ad3   Thumb Code     0  faddsub_clz.o(x$fpl$fsub)
    x$fpl$printf1                            0x08005bae   Section        4  printf1.o(x$fpl$printf1)
    .constdata                               0x08005bb2   Section     2660  test_oled.o(.constdata)
    x$fpl$usenofp                            0x08005bb2   Section        0  usenofp.o(x$fpl$usenofp)
    .constdata                               0x08006618   Section      148  bigflt0.o(.constdata)
    tenpwrs_x                                0x08006618   Data          60  bigflt0.o(.constdata)
    tenpwrs_i                                0x08006654   Data          64  bigflt0.o(.constdata)
    locale$$data                             0x080066cc   Section       28  lc_numeric_c.o(locale$$data)
    __lcnum_c_name                           0x080066d0   Data           2  lc_numeric_c.o(locale$$data)
    __lcnum_c_start                          0x080066d8   Data           0  lc_numeric_c.o(locale$$data)
    __lcnum_c_point                          0x080066e4   Data           0  lc_numeric_c.o(locale$$data)
    __lcnum_c_thousands                      0x080066e6   Data           0  lc_numeric_c.o(locale$$data)
    __lcnum_c_grouping                       0x080066e7   Data           0  lc_numeric_c.o(locale$$data)
    __lcnum_c_end                            0x080066e8   Data           0  lc_numeric_c.o(locale$$data)
    .data                                    0x20000000   Section      240  main.o(.data)
    .data                                    0x200000f0   Section       20  system_stm32f10x.o(.data)
    .data                                    0x20000104   Section       20  stm32f10x_rcc.o(.data)
    APBAHBPrescTable                         0x20000104   Data          16  stm32f10x_rcc.o(.data)
    ADCPrescTable                            0x20000114   Data           4  stm32f10x_rcc.o(.data)
    .data                                    0x20000118   Section        4  delay.o(.data)
    fac_us                                   0x20000118   Data           1  delay.o(.data)
    fac_ms                                   0x2000011a   Data           2  delay.o(.data)
    .data                                    0x2000011c   Section        9  usart.o(.data)
    flag_key                                 0x20000124   Data           1  usart.o(.data)
    .data                                    0x20000128   Section        4  led.o(.data)
    temp                                     0x20000128   Data           4  led.o(.data)
    .data                                    0x2000012c   Section       14  key.o(.data)
    flag_key                                 0x2000012c   Data           1  key.o(.data)
    count_key                                0x2000012d   Data           1  key.o(.data)
    double_key                               0x2000012e   Data           1  key.o(.data)
    count_single                             0x20000130   Data           2  key.o(.data)
    Forever_count                            0x20000132   Data           2  key.o(.data)
    flag_key                                 0x20000134   Data           1  key.o(.data)
    Long_Press_count                         0x20000136   Data           2  key.o(.data)
    Long_Press                               0x20000138   Data           2  key.o(.data)
    .bss                                     0x2000013c   Section     1024  test_oled.o(.bss)
    .bss                                     0x2000053c   Section       96  libspace.o(.bss)
    HEAP                                     0x200005a0   Section      512  startup_stm32f10x_hd.o(HEAP)
    Heap_Mem                                 0x200005a0   Data         512  startup_stm32f10x_hd.o(HEAP)
    STACK                                    0x200007a0   Section     1024  startup_stm32f10x_hd.o(STACK)
    Stack_Mem                                0x200007a0   Data        1024  startup_stm32f10x_hd.o(STACK)
    __initial_sp                             0x20000ba0   Data           0  startup_stm32f10x_hd.o(STACK)

    Global Symbols

    Symbol Name                              Value     Ov Type        Size  Object(Section)

    BuildAttributes$$THM_ISAv4$P$D$K$B$S$PE$A:L22UL41UL21$X:L11$S22US41US21$IEEE1$IW$USESV6$~STKCKD$USESV7$~SHL$OTIME$ROPI$IEEEX$EBA8$UX$STANDARDLIB$REQ8$PRES8$EABIv2 0x00000000   Number         0  anon$$obj.o ABSOLUTE
    __ARM_use_no_argv                        0x00000000   Number         0  main.o ABSOLUTE
    _printf_flags                            0x00000000   Number         0  printf_stubs.o ABSOLUTE
    _printf_return_value                     0x00000000   Number         0  printf_stubs.o ABSOLUTE
    _printf_sizespec                         0x00000000   Number         0  printf_stubs.o ABSOLUTE
    _printf_widthprec                        0x00000000   Number         0  printf_stubs.o ABSOLUTE
    __ARM_exceptions_init                     - Undefined Weak Reference
    __alloca_initialize                       - Undefined Weak Reference
    __arm_preinit_                            - Undefined Weak Reference
    __cpp_initialize__aeabi_                  - Undefined Weak Reference
    __cxa_finalize                            - Undefined Weak Reference
    __sigvec_lookup                           - Undefined Weak Reference
    _atexit_init                              - Undefined Weak Reference
    _call_atexit_fns                          - Undefined Weak Reference
    _clock_init                               - Undefined Weak Reference
    _fp_trap_init                             - Undefined Weak Reference
    _fp_trap_shutdown                         - Undefined Weak Reference
    _get_lc_collate                           - Undefined Weak Reference
    _get_lc_ctype                             - Undefined Weak Reference
    _get_lc_monetary                          - Undefined Weak Reference
    _get_lc_time                              - Undefined Weak Reference
    _getenv_init                              - Undefined Weak Reference
    _handle_redirection                       - Undefined Weak Reference
    _init_alloc                               - Undefined Weak Reference
    _init_user_alloc                          - Undefined Weak Reference
    _initio                                   - Undefined Weak Reference
    _mutex_acquire                            - Undefined Weak Reference
    _mutex_release                            - Undefined Weak Reference
    _printf_post_padding                      - Undefined Weak Reference
    _printf_pre_padding                       - Undefined Weak Reference
    _printf_truncate_signed                   - Undefined Weak Reference
    _printf_truncate_unsigned                 - Undefined Weak Reference
    _rand_init                                - Undefined Weak Reference
    _signal_finish                            - Undefined Weak Reference
    _signal_init                              - Undefined Weak Reference
    _terminate_alloc                          - Undefined Weak Reference
    _terminate_user_alloc                     - Undefined Weak Reference
    _terminateio                              - Undefined Weak Reference
    __Vectors_Size                           0x00000130   Number         0  startup_stm32f10x_hd.o ABSOLUTE
    __Vectors                                0x08000000   Data           4  startup_stm32f10x_hd.o(RESET)
    __Vectors_End                            0x08000130   Data           0  startup_stm32f10x_hd.o(RESET)
    __main                                   0x08000131   Thumb Code     8  __main.o(!!!main)
    __scatterload                            0x08000139   Thumb Code     0  __scatter.o(!!!scatter)
    __scatterload_rt2                        0x08000139   Thumb Code    44  __scatter.o(!!!scatter)
    __scatterload_rt2_thumb_only             0x08000139   Thumb Code     0  __scatter.o(!!!scatter)
    __scatterload_null                       0x08000147   Thumb Code     0  __scatter.o(!!!scatter)
    __decompress                             0x0800016d   Thumb Code    90  __dczerorl2.o(!!dczerorl2)
    __decompress1                            0x0800016d   Thumb Code     0  __dczerorl2.o(!!dczerorl2)
    __scatterload_zeroinit                   0x080001c9   Thumb Code    28  __scatter_zi.o(!!handler_zi)
    _printf_f                                0x080001e5   Thumb Code     0  _printf_f.o(.ARM.Collect$$_printf_percent$$00000003)
    _printf_percent                          0x080001e5   Thumb Code     0  _printf_percent.o(.ARM.Collect$$_printf_percent$$00000000)
    _printf_d                                0x080001eb   Thumb Code     0  _printf_d.o(.ARM.Collect$$_printf_percent$$00000009)
    _printf_percent_end                      0x080001f1   Thumb Code     0  _printf_percent_end.o(.ARM.Collect$$_printf_percent$$00000017)
    __rt_lib_init                            0x080001f5   Thumb Code     0  libinit.o(.ARM.Collect$$libinit$$00000000)
    __rt_lib_init_fp_1                       0x080001f7   Thumb Code     0  libinit2.o(.ARM.Collect$$libinit$$00000002)
    __rt_lib_init_heap_1                     0x080001f7   Thumb Code     0  libinit2.o(.ARM.Collect$$libinit$$0000000A)
    __rt_lib_init_lc_common                  0x080001f7   Thumb Code     0  libinit2.o(.ARM.Collect$$libinit$$0000000F)
    __rt_lib_init_preinit_1                  0x080001f7   Thumb Code     0  libinit2.o(.ARM.Collect$$libinit$$00000004)
    __rt_lib_init_rand_1                     0x080001f7   Thumb Code     0  libinit2.o(.ARM.Collect$$libinit$$0000000E)
    __rt_lib_init_user_alloc_1               0x080001f7   Thumb Code     0  libinit2.o(.ARM.Collect$$libinit$$0000000C)
    __rt_lib_init_lc_collate_1               0x080001fd   Thumb Code     0  libinit2.o(.ARM.Collect$$libinit$$00000011)
    __rt_lib_init_lc_ctype_1                 0x080001fd   Thumb Code     0  libinit2.o(.ARM.Collect$$libinit$$00000013)
    __rt_lib_init_lc_monetary_1              0x080001fd   Thumb Code     0  libinit2.o(.ARM.Collect$$libinit$$00000015)
    __rt_lib_init_lc_numeric_2               0x080001fd   Thumb Code     0  libinit2.o(.ARM.Collect$$libinit$$00000016)
    __rt_lib_init_alloca_1                   0x08000207   Thumb Code     0  libinit2.o(.ARM.Collect$$libinit$$0000002E)
    __rt_lib_init_argv_1                     0x08000207   Thumb Code     0  libinit2.o(.ARM.Collect$$libinit$$0000002C)
    __rt_lib_init_atexit_1                   0x08000207   Thumb Code     0  libinit2.o(.ARM.Collect$$libinit$$0000001B)
    __rt_lib_init_clock_1                    0x08000207   Thumb Code     0  libinit2.o(.ARM.Collect$$libinit$$00000021)
    __rt_lib_init_cpp_1                      0x08000207   Thumb Code     0  libinit2.o(.ARM.Collect$$libinit$$00000032)
    __rt_lib_init_exceptions_1               0x08000207   Thumb Code     0  libinit2.o(.ARM.Collect$$libinit$$00000030)
    __rt_lib_init_fp_trap_1                  0x08000207   Thumb Code     0  libinit2.o(.ARM.Collect$$libinit$$0000001F)
    __rt_lib_init_getenv_1                   0x08000207   Thumb Code     0  libinit2.o(.ARM.Collect$$libinit$$00000023)
    __rt_lib_init_lc_numeric_1               0x08000207   Thumb Code     0  libinit2.o(.ARM.Collect$$libinit$$00000017)
    __rt_lib_init_lc_time_1                  0x08000207   Thumb Code     0  libinit2.o(.ARM.Collect$$libinit$$00000019)
    __rt_lib_init_return                     0x08000207   Thumb Code     0  libinit2.o(.ARM.Collect$$libinit$$00000033)
    __rt_lib_init_signal_1                   0x08000207   Thumb Code     0  libinit2.o(.ARM.Collect$$libinit$$0000001D)
    __rt_lib_init_stdio_1                    0x08000207   Thumb Code     0  libinit2.o(.ARM.Collect$$libinit$$00000025)
    __rt_lib_shutdown                        0x08000209   Thumb Code     0  libshutdown.o(.ARM.Collect$$libshutdown$$00000000)
    __rt_lib_shutdown_cpp_1                  0x0800020b   Thumb Code     0  libshutdown2.o(.ARM.Collect$$libshutdown$$00000002)
    __rt_lib_shutdown_fp_trap_1              0x0800020b   Thumb Code     0  libshutdown2.o(.ARM.Collect$$libshutdown$$00000007)
    __rt_lib_shutdown_heap_1                 0x0800020b   Thumb Code     0  libshutdown2.o(.ARM.Collect$$libshutdown$$0000000F)
    __rt_lib_shutdown_return                 0x0800020b   Thumb Code     0  libshutdown2.o(.ARM.Collect$$libshutdown$$00000010)
    __rt_lib_shutdown_signal_1               0x0800020b   Thumb Code     0  libshutdown2.o(.ARM.Collect$$libshutdown$$0000000A)
    __rt_lib_shutdown_stdio_1                0x0800020b   Thumb Code     0  libshutdown2.o(.ARM.Collect$$libshutdown$$00000004)
    __rt_lib_shutdown_user_alloc_1           0x0800020b   Thumb Code     0  libshutdown2.o(.ARM.Collect$$libshutdown$$0000000C)
    __rt_entry                               0x0800020d   Thumb Code     0  __rtentry.o(.ARM.Collect$$rtentry$$00000000)
    __rt_entry_presh_1                       0x0800020d   Thumb Code     0  __rtentry2.o(.ARM.Collect$$rtentry$$00000002)
    __rt_entry_sh                            0x0800020d   Thumb Code     0  __rtentry4.o(.ARM.Collect$$rtentry$$00000004)
    __rt_entry_li                            0x08000213   Thumb Code     0  __rtentry2.o(.ARM.Collect$$rtentry$$0000000A)
    __rt_entry_postsh_1                      0x08000213   Thumb Code     0  __rtentry2.o(.ARM.Collect$$rtentry$$00000009)
    __rt_entry_main                          0x08000217   Thumb Code     0  __rtentry2.o(.ARM.Collect$$rtentry$$0000000D)
    __rt_entry_postli_1                      0x08000217   Thumb Code     0  __rtentry2.o(.ARM.Collect$$rtentry$$0000000C)
    __rt_exit                                0x0800021f   Thumb Code     0  rtexit.o(.ARM.Collect$$rtexit$$00000000)
    __rt_exit_ls                             0x08000221   Thumb Code     0  rtexit2.o(.ARM.Collect$$rtexit$$00000003)
    __rt_exit_prels_1                        0x08000221   Thumb Code     0  rtexit2.o(.ARM.Collect$$rtexit$$00000002)
    __rt_exit_exit                           0x08000225   Thumb Code     0  rtexit2.o(.ARM.Collect$$rtexit$$00000004)
    WFI_SET                                  0x0800022d   Thumb Code     2  system_init.o(.emb_text)
    INTX_DISABLE                             0x0800022f   Thumb Code     2  system_init.o(.emb_text)
    INTX_ENABLE                              0x08000231   Thumb Code     2  system_init.o(.emb_text)
    MSR_MSP                                  0x08000233   Thumb Code     6  system_init.o(.emb_text)
    main                                     0x08000239   Thumb Code    92  main.o(.text)
    NMI_Handler                              0x08000295   Thumb Code     2  stm32f10x_it.o(.text)
    HardFault_Handler                        0x08000297   Thumb Code     4  stm32f10x_it.o(.text)
    MemManage_Handler                        0x0800029b   Thumb Code     4  stm32f10x_it.o(.text)
    BusFault_Handler                         0x0800029f   Thumb Code     4  stm32f10x_it.o(.text)
    UsageFault_Handler                       0x080002a3   Thumb Code     4  stm32f10x_it.o(.text)
    SVC_Handler                              0x080002a7   Thumb Code     2  stm32f10x_it.o(.text)
    DebugMon_Handler                         0x080002a9   Thumb Code     2  stm32f10x_it.o(.text)
    PendSV_Handler                           0x080002ab   Thumb Code     2  stm32f10x_it.o(.text)
    SysTick_Handler                          0x080002ad   Thumb Code     2  stm32f10x_it.o(.text)
    SystemInit                               0x0800038f   Thumb Code    78  system_stm32f10x.o(.text)
    SystemCoreClockUpdate                    0x080003dd   Thumb Code   142  system_stm32f10x.o(.text)
    EXTI9_5_IRQHandler                       0x08000491   Thumb Code     4  exit_interupt.o(.text)
    Reset_Handler                            0x08000495   Thumb Code     8  startup_stm32f10x_hd.o(.text)
    ADC1_2_IRQHandler                        0x080004af   Thumb Code     0  startup_stm32f10x_hd.o(.text)
    ADC3_IRQHandler                          0x080004af   Thumb Code     0  startup_stm32f10x_hd.o(.text)
    CAN1_RX1_IRQHandler                      0x080004af   Thumb Code     0  startup_stm32f10x_hd.o(.text)
    CAN1_SCE_IRQHandler                      0x080004af   Thumb Code     0  startup_stm32f10x_hd.o(.text)
    DMA1_Channel1_IRQHandler                 0x080004af   Thumb Code     0  startup_stm32f10x_hd.o(.text)
    DMA1_Channel2_IRQHandler                 0x080004af   Thumb Code     0  startup_stm32f10x_hd.o(.text)
    DMA1_Channel3_IRQHandler                 0x080004af   Thumb Code     0  startup_stm32f10x_hd.o(.text)
    DMA1_Channel4_IRQHandler                 0x080004af   Thumb Code     0  startup_stm32f10x_hd.o(.text)
    DMA1_Channel5_IRQHandler                 0x080004af   Thumb Code     0  startup_stm32f10x_hd.o(.text)
    DMA1_Channel6_IRQHandler                 0x080004af   Thumb Code     0  startup_stm32f10x_hd.o(.text)
    DMA1_Channel7_IRQHandler                 0x080004af   Thumb Code     0  startup_stm32f10x_hd.o(.text)
    DMA2_Channel1_IRQHandler                 0x080004af   Thumb Code     0  startup_stm32f10x_hd.o(.text)
    DMA2_Channel2_IRQHandler                 0x080004af   Thumb Code     0  startup_stm32f10x_hd.o(.text)
    DMA2_Channel3_IRQHandler                 0x080004af   Thumb Code     0  startup_stm32f10x_hd.o(.text)
    DMA2_Channel4_5_IRQHandler               0x080004af   Thumb Code     0  startup_stm32f10x_hd.o(.text)
    EXTI0_IRQHandler                         0x080004af   Thumb Code     0  startup_stm32f10x_hd.o(.text)
    EXTI15_10_IRQHandler                     0x080004af   Thumb Code     0  startup_stm32f10x_hd.o(.text)
    EXTI1_IRQHandler                         0x080004af   Thumb Code     0  startup_stm32f10x_hd.o(.text)
    EXTI2_IRQHandler                         0x080004af   Thumb Code     0  startup_stm32f10x_hd.o(.text)
    EXTI3_IRQHandler                         0x080004af   Thumb Code     0  startup_stm32f10x_hd.o(.text)
    EXTI4_IRQHandler                         0x080004af   Thumb Code     0  startup_stm32f10x_hd.o(.text)
    FLASH_IRQHandler                         0x080004af   Thumb Code     0  startup_stm32f10x_hd.o(.text)
    FSMC_IRQHandler                          0x080004af   Thumb Code     0  startup_stm32f10x_hd.o(.text)
    I2C1_ER_IRQHandler                       0x080004af   Thumb Code     0  startup_stm32f10x_hd.o(.text)
    I2C1_EV_IRQHandler                       0x080004af   Thumb Code     0  startup_stm32f10x_hd.o(.text)
    I2C2_ER_IRQHandler                       0x080004af   Thumb Code     0  startup_stm32f10x_hd.o(.text)
    I2C2_EV_IRQHandler                       0x080004af   Thumb Code     0  startup_stm32f10x_hd.o(.text)
    PVD_IRQHandler                           0x080004af   Thumb Code     0  startup_stm32f10x_hd.o(.text)
    RCC_IRQHandler                           0x080004af   Thumb Code     0  startup_stm32f10x_hd.o(.text)
    RTCAlarm_IRQHandler                      0x080004af   Thumb Code     0  startup_stm32f10x_hd.o(.text)
    RTC_IRQHandler                           0x080004af   Thumb Code     0  startup_stm32f10x_hd.o(.text)
    SDIO_IRQHandler                          0x080004af   Thumb Code     0  startup_stm32f10x_hd.o(.text)
    SPI1_IRQHandler                          0x080004af   Thumb Code     0  startup_stm32f10x_hd.o(.text)
    SPI2_IRQHandler                          0x080004af   Thumb Code     0  startup_stm32f10x_hd.o(.text)
    SPI3_IRQHandler                          0x080004af   Thumb Code     0  startup_stm32f10x_hd.o(.text)
    TAMPER_IRQHandler                        0x080004af   Thumb Code     0  startup_stm32f10x_hd.o(.text)
    TIM1_BRK_IRQHandler                      0x080004af   Thumb Code     0  startup_stm32f10x_hd.o(.text)
    TIM1_CC_IRQHandler                       0x080004af   Thumb Code     0  startup_stm32f10x_hd.o(.text)
    TIM1_TRG_COM_IRQHandler                  0x080004af   Thumb Code     0  startup_stm32f10x_hd.o(.text)
    TIM1_UP_IRQHandler                       0x080004af   Thumb Code     0  startup_stm32f10x_hd.o(.text)
    TIM6_IRQHandler                          0x080004af   Thumb Code     0  startup_stm32f10x_hd.o(.text)
    TIM7_IRQHandler                          0x080004af   Thumb Code     0  startup_stm32f10x_hd.o(.text)
    TIM8_BRK_IRQHandler                      0x080004af   Thumb Code     0  startup_stm32f10x_hd.o(.text)
    TIM8_CC_IRQHandler                       0x080004af   Thumb Code     0  startup_stm32f10x_hd.o(.text)
    TIM8_TRG_COM_IRQHandler                  0x080004af   Thumb Code     0  startup_stm32f10x_hd.o(.text)
    TIM8_UP_IRQHandler                       0x080004af   Thumb Code     0  startup_stm32f10x_hd.o(.text)
    UART4_IRQHandler                         0x080004af   Thumb Code     0  startup_stm32f10x_hd.o(.text)
    UART5_IRQHandler                         0x080004af   Thumb Code     0  startup_stm32f10x_hd.o(.text)
    USART1_IRQHandler                        0x080004af   Thumb Code     0  startup_stm32f10x_hd.o(.text)
    USBWakeUp_IRQHandler                     0x080004af   Thumb Code     0  startup_stm32f10x_hd.o(.text)
    USB_HP_CAN1_TX_IRQHandler                0x080004af   Thumb Code     0  startup_stm32f10x_hd.o(.text)
    USB_LP_CAN1_RX0_IRQHandler               0x080004af   Thumb Code     0  startup_stm32f10x_hd.o(.text)
    WWDG_IRQHandler                          0x080004af   Thumb Code     0  startup_stm32f10x_hd.o(.text)
    __user_initial_stackheap                 0x080004b1   Thumb Code     0  startup_stm32f10x_hd.o(.text)
    NVIC_PriorityGroupConfig                 0x080004d5   Thumb Code    10  misc.o(.text)
    NVIC_Init                                0x080004df   Thumb Code   100  misc.o(.text)
    NVIC_SetVectorTable                      0x08000543   Thumb Code    14  misc.o(.text)
    NVIC_SystemLPConfig                      0x08000551   Thumb Code    34  misc.o(.text)
    SysTick_CLKSourceConfig                  0x08000573   Thumb Code    40  misc.o(.text)
    BKP_DeInit                               0x080005b1   Thumb Code    16  stm32f10x_bkp.o(.text)
    BKP_TamperPinLevelConfig                 0x080005c1   Thumb Code     6  stm32f10x_bkp.o(.text)
    BKP_TamperPinCmd                         0x080005c7   Thumb Code     8  stm32f10x_bkp.o(.text)
    BKP_ITConfig                             0x080005cf   Thumb Code     8  stm32f10x_bkp.o(.text)
    BKP_RTCOutputConfig                      0x080005d7   Thumb Code    22  stm32f10x_bkp.o(.text)
    BKP_SetRTCCalibrationValue               0x080005ed   Thumb Code    22  stm32f10x_bkp.o(.text)
    BKP_WriteBackupRegister                  0x08000603   Thumb Code    24  stm32f10x_bkp.o(.text)
    BKP_ReadBackupRegister                   0x0800061b   Thumb Code    26  stm32f10x_bkp.o(.text)
    BKP_GetFlagStatus                        0x08000635   Thumb Code    10  stm32f10x_bkp.o(.text)
    BKP_ClearFlag                            0x0800063f   Thumb Code    18  stm32f10x_bkp.o(.text)
    BKP_GetITStatus                          0x08000651   Thumb Code    10  stm32f10x_bkp.o(.text)
    BKP_ClearITPendingBit                    0x0800065b   Thumb Code    18  stm32f10x_bkp.o(.text)
    GPIO_DeInit                              0x08000675   Thumb Code   172  stm32f10x_gpio.o(.text)
    GPIO_AFIODeInit                          0x08000721   Thumb Code    20  stm32f10x_gpio.o(.text)
    GPIO_Init                                0x08000735   Thumb Code   278  stm32f10x_gpio.o(.text)
    GPIO_StructInit                          0x0800084b   Thumb Code    16  stm32f10x_gpio.o(.text)
    GPIO_ReadInputDataBit                    0x0800085b   Thumb Code    18  stm32f10x_gpio.o(.text)
    GPIO_ReadInputData                       0x0800086d   Thumb Code     8  stm32f10x_gpio.o(.text)
    GPIO_ReadOutputDataBit                   0x08000875   Thumb Code    18  stm32f10x_gpio.o(.text)
    GPIO_ReadOutputData                      0x08000887   Thumb Code     8  stm32f10x_gpio.o(.text)
    GPIO_SetBits                             0x0800088f   Thumb Code     4  stm32f10x_gpio.o(.text)
    GPIO_ResetBits                           0x08000893   Thumb Code     4  stm32f10x_gpio.o(.text)
    GPIO_WriteBit                            0x08000897   Thumb Code    10  stm32f10x_gpio.o(.text)
    GPIO_Write                               0x080008a1   Thumb Code     4  stm32f10x_gpio.o(.text)
    GPIO_PinLockConfig                       0x080008a5   Thumb Code    18  stm32f10x_gpio.o(.text)
    GPIO_EventOutputConfig                   0x080008b7   Thumb Code    26  stm32f10x_gpio.o(.text)
    GPIO_EventOutputCmd                      0x080008d1   Thumb Code     6  stm32f10x_gpio.o(.text)
    GPIO_PinRemapConfig                      0x080008d7   Thumb Code   138  stm32f10x_gpio.o(.text)
    GPIO_EXTILineConfig                      0x08000961   Thumb Code    66  stm32f10x_gpio.o(.text)
    GPIO_ETH_MediaInterfaceConfig            0x080009a3   Thumb Code     8  stm32f10x_gpio.o(.text)
    PWR_DeInit                               0x080009d1   Thumb Code    22  stm32f10x_pwr.o(.text)
    PWR_BackupAccessCmd                      0x080009e7   Thumb Code     6  stm32f10x_pwr.o(.text)
    PWR_PVDCmd                               0x080009ed   Thumb Code     6  stm32f10x_pwr.o(.text)
    PWR_PVDLevelConfig                       0x080009f3   Thumb Code    18  stm32f10x_pwr.o(.text)
    PWR_WakeUpPinCmd                         0x08000a05   Thumb Code     8  stm32f10x_pwr.o(.text)
    PWR_EnterSTOPMode                        0x08000a0d   Thumb Code    54  stm32f10x_pwr.o(.text)
    PWR_EnterSTANDBYMode                     0x08000a43   Thumb Code    42  stm32f10x_pwr.o(.text)
    PWR_GetFlagStatus                        0x08000a6d   Thumb Code    20  stm32f10x_pwr.o(.text)
    PWR_ClearFlag                            0x08000a81   Thumb Code    14  stm32f10x_pwr.o(.text)
    RCC_DeInit                               0x08000a9d   Thumb Code    64  stm32f10x_rcc.o(.text)
    RCC_HSEConfig                            0x08000add   Thumb Code    70  stm32f10x_rcc.o(.text)
    RCC_GetFlagStatus                        0x08000b23   Thumb Code    56  stm32f10x_rcc.o(.text)
    RCC_WaitForHSEStartUp                    0x08000b5b   Thumb Code    56  stm32f10x_rcc.o(.text)
    RCC_AdjustHSICalibrationValue            0x08000b93   Thumb Code    20  stm32f10x_rcc.o(.text)
    RCC_HSICmd                               0x08000ba7   Thumb Code     6  stm32f10x_rcc.o(.text)
    RCC_PLLConfig                            0x08000bad   Thumb Code    24  stm32f10x_rcc.o(.text)
    RCC_PLLCmd                               0x08000bc5   Thumb Code     6  stm32f10x_rcc.o(.text)
    RCC_SYSCLKConfig                         0x08000bcb   Thumb Code    18  stm32f10x_rcc.o(.text)
    RCC_GetSYSCLKSource                      0x08000bdd   Thumb Code    10  stm32f10x_rcc.o(.text)
    RCC_HCLKConfig                           0x08000be7   Thumb Code    18  stm32f10x_rcc.o(.text)
    RCC_PCLK1Config                          0x08000bf9   Thumb Code    18  stm32f10x_rcc.o(.text)
    RCC_PCLK2Config                          0x08000c0b   Thumb Code    20  stm32f10x_rcc.o(.text)
    RCC_ITConfig                             0x08000c1f   Thumb Code    26  stm32f10x_rcc.o(.text)
    RCC_USBCLKConfig                         0x08000c39   Thumb Code     8  stm32f10x_rcc.o(.text)
    RCC_ADCCLKConfig                         0x08000c41   Thumb Code    18  stm32f10x_rcc.o(.text)
    RCC_LSEConfig                            0x08000c53   Thumb Code    50  stm32f10x_rcc.o(.text)
    RCC_LSICmd                               0x08000c85   Thumb Code     6  stm32f10x_rcc.o(.text)
    RCC_RTCCLKConfig                         0x08000c8b   Thumb Code    12  stm32f10x_rcc.o(.text)
    RCC_RTCCLKCmd                            0x08000c97   Thumb Code     8  stm32f10x_rcc.o(.text)
    RCC_GetClocksFreq                        0x08000c9f   Thumb Code   192  stm32f10x_rcc.o(.text)
    RCC_AHBPeriphClockCmd                    0x08000d5f   Thumb Code    26  stm32f10x_rcc.o(.text)
    RCC_APB2PeriphClockCmd                   0x08000d79   Thumb Code    26  stm32f10x_rcc.o(.text)
    RCC_APB1PeriphClockCmd                   0x08000d93   Thumb Code    26  stm32f10x_rcc.o(.text)
    RCC_APB2PeriphResetCmd                   0x08000dad   Thumb Code    26  stm32f10x_rcc.o(.text)
    RCC_APB1PeriphResetCmd                   0x08000dc7   Thumb Code    26  stm32f10x_rcc.o(.text)
    RCC_BackupResetCmd                       0x08000de1   Thumb Code     8  stm32f10x_rcc.o(.text)
    RCC_ClockSecuritySystemCmd               0x08000de9   Thumb Code     6  stm32f10x_rcc.o(.text)
    RCC_MCOConfig                            0x08000def   Thumb Code     6  stm32f10x_rcc.o(.text)
    RCC_ClearFlag                            0x08000df5   Thumb Code    14  stm32f10x_rcc.o(.text)
    RCC_GetITStatus                          0x08000e03   Thumb Code    20  stm32f10x_rcc.o(.text)
    RCC_ClearITPendingBit                    0x08000e17   Thumb Code     6  stm32f10x_rcc.o(.text)
    TIM_DeInit                               0x08000e41   Thumb Code   424  stm32f10x_tim.o(.text)
    TIM_TimeBaseInit                         0x08000fe9   Thumb Code   122  stm32f10x_tim.o(.text)
    TIM_OC1Init                              0x08001063   Thumb Code   132  stm32f10x_tim.o(.text)
    TIM_OC2Init                              0x080010e7   Thumb Code   154  stm32f10x_tim.o(.text)
    TIM_OC3Init                              0x08001181   Thumb Code   150  stm32f10x_tim.o(.text)
    TIM_OC4Init                              0x08001217   Thumb Code   182  stm32f10x_tim.o(.text)
    TIM_SetIC4Prescaler                      0x080012cd   Thumb Code    26  stm32f10x_tim.o(.text)
    TIM_SetIC3Prescaler                      0x08001369   Thumb Code    18  stm32f10x_tim.o(.text)
    TIM_SetIC2Prescaler                      0x080013f5   Thumb Code    26  stm32f10x_tim.o(.text)
    TIM_SetIC1Prescaler                      0x08001491   Thumb Code    18  stm32f10x_tim.o(.text)
    TIM_ICInit                               0x0800150f   Thumb Code   150  stm32f10x_tim.o(.text)
    TIM_PWMIConfig                           0x080015a5   Thumb Code   124  stm32f10x_tim.o(.text)
    TIM_BDTRConfig                           0x08001621   Thumb Code    32  stm32f10x_tim.o(.text)
    TIM_TimeBaseStructInit                   0x08001641   Thumb Code    18  stm32f10x_tim.o(.text)
    TIM_OCStructInit                         0x08001653   Thumb Code    20  stm32f10x_tim.o(.text)
    TIM_ICStructInit                         0x08001667   Thumb Code    18  stm32f10x_tim.o(.text)
    TIM_BDTRStructInit                       0x08001679   Thumb Code    40  stm32f10x_tim.o(.text)
    TIM_Cmd                                  0x080016a1   Thumb Code    24  stm32f10x_tim.o(.text)
    TIM_CtrlPWMOutputs                       0x080016b9   Thumb Code    30  stm32f10x_tim.o(.text)
    TIM_ITConfig                             0x080016d7   Thumb Code    18  stm32f10x_tim.o(.text)
    TIM_GenerateEvent                        0x080016e9   Thumb Code     4  stm32f10x_tim.o(.text)
    TIM_DMAConfig                            0x080016ed   Thumb Code    10  stm32f10x_tim.o(.text)
    TIM_DMACmd                               0x080016f7   Thumb Code    18  stm32f10x_tim.o(.text)
    TIM_InternalClockConfig                  0x08001709   Thumb Code    12  stm32f10x_tim.o(.text)
    TIM_SelectInputTrigger                   0x08001715   Thumb Code    18  stm32f10x_tim.o(.text)
    TIM_ITRxExternalClockConfig              0x08001727   Thumb Code    24  stm32f10x_tim.o(.text)
    TIM_TIxExternalClockConfig               0x0800173f   Thumb Code    62  stm32f10x_tim.o(.text)
    TIM_ETRConfig                            0x0800177d   Thumb Code    28  stm32f10x_tim.o(.text)
    TIM_ETRClockMode1Config                  0x08001799   Thumb Code    54  stm32f10x_tim.o(.text)
    TIM_ETRClockMode2Config                  0x080017cf   Thumb Code    32  stm32f10x_tim.o(.text)
    TIM_PrescalerConfig                      0x080017ef   Thumb Code     6  stm32f10x_tim.o(.text)
    TIM_CounterModeConfig                    0x080017f5   Thumb Code    18  stm32f10x_tim.o(.text)
    TIM_EncoderInterfaceConfig               0x08001807   Thumb Code    66  stm32f10x_tim.o(.text)
    TIM_ForcedOC1Config                      0x08001849   Thumb Code    18  stm32f10x_tim.o(.text)
    TIM_ForcedOC2Config                      0x0800185b   Thumb Code    26  stm32f10x_tim.o(.text)
    TIM_ForcedOC3Config                      0x08001875   Thumb Code    18  stm32f10x_tim.o(.text)
    TIM_ForcedOC4Config                      0x08001887   Thumb Code    26  stm32f10x_tim.o(.text)
    TIM_ARRPreloadConfig                     0x080018a1   Thumb Code    24  stm32f10x_tim.o(.text)
    TIM_SelectCOM                            0x080018b9   Thumb Code    24  stm32f10x_tim.o(.text)
    TIM_SelectCCDMA                          0x080018d1   Thumb Code    24  stm32f10x_tim.o(.text)
    TIM_CCPreloadControl                     0x080018e9   Thumb Code    24  stm32f10x_tim.o(.text)
    TIM_OC1PreloadConfig                     0x08001901   Thumb Code    18  stm32f10x_tim.o(.text)
    TIM_OC2PreloadConfig                     0x08001913   Thumb Code    26  stm32f10x_tim.o(.text)
    TIM_OC3PreloadConfig                     0x0800192d   Thumb Code    18  stm32f10x_tim.o(.text)
    TIM_OC4PreloadConfig                     0x0800193f   Thumb Code    26  stm32f10x_tim.o(.text)
    TIM_OC1FastConfig                        0x08001959   Thumb Code    18  stm32f10x_tim.o(.text)
    TIM_OC2FastConfig                        0x0800196b   Thumb Code    26  stm32f10x_tim.o(.text)
    TIM_OC3FastConfig                        0x08001985   Thumb Code    18  stm32f10x_tim.o(.text)
    TIM_OC4FastConfig                        0x08001997   Thumb Code    26  stm32f10x_tim.o(.text)
    TIM_ClearOC1Ref                          0x080019b1   Thumb Code    18  stm32f10x_tim.o(.text)
    TIM_ClearOC2Ref                          0x080019c3   Thumb Code    24  stm32f10x_tim.o(.text)
    TIM_ClearOC3Ref                          0x080019db   Thumb Code    18  stm32f10x_tim.o(.text)
    TIM_ClearOC4Ref                          0x080019ed   Thumb Code    24  stm32f10x_tim.o(.text)
    TIM_OC1PolarityConfig                    0x08001a05   Thumb Code    18  stm32f10x_tim.o(.text)
    TIM_OC1NPolarityConfig                   0x08001a17   Thumb Code    18  stm32f10x_tim.o(.text)
    TIM_OC2PolarityConfig                    0x08001a29   Thumb Code    26  stm32f10x_tim.o(.text)
    TIM_OC2NPolarityConfig                   0x08001a43   Thumb Code    26  stm32f10x_tim.o(.text)
    TIM_OC3PolarityConfig                    0x08001a5d   Thumb Code    26  stm32f10x_tim.o(.text)
    TIM_OC3NPolarityConfig                   0x08001a77   Thumb Code    26  stm32f10x_tim.o(.text)
    TIM_OC4PolarityConfig                    0x08001a91   Thumb Code    26  stm32f10x_tim.o(.text)
    TIM_CCxCmd                               0x08001aab   Thumb Code    30  stm32f10x_tim.o(.text)
    TIM_CCxNCmd                              0x08001ac9   Thumb Code    30  stm32f10x_tim.o(.text)
    TIM_SelectOCxM                           0x08001ae7   Thumb Code    82  stm32f10x_tim.o(.text)
    TIM_UpdateDisableConfig                  0x08001b39   Thumb Code    24  stm32f10x_tim.o(.text)
    TIM_UpdateRequestConfig                  0x08001b51   Thumb Code    24  stm32f10x_tim.o(.text)
    TIM_SelectHallSensor                     0x08001b69   Thumb Code    24  stm32f10x_tim.o(.text)
    TIM_SelectOnePulseMode                   0x08001b81   Thumb Code    18  stm32f10x_tim.o(.text)
    TIM_SelectOutputTrigger                  0x08001b93   Thumb Code    18  stm32f10x_tim.o(.text)
    TIM_SelectSlaveMode                      0x08001ba5   Thumb Code    18  stm32f10x_tim.o(.text)
    TIM_SelectMasterSlaveMode                0x08001bb7   Thumb Code    18  stm32f10x_tim.o(.text)
    TIM_SetCounter                           0x08001bc9   Thumb Code     4  stm32f10x_tim.o(.text)
    TIM_SetAutoreload                        0x08001bcd   Thumb Code     4  stm32f10x_tim.o(.text)
    TIM_SetCompare1                          0x08001bd1   Thumb Code     4  stm32f10x_tim.o(.text)
    TIM_SetCompare2                          0x08001bd5   Thumb Code     4  stm32f10x_tim.o(.text)
    TIM_SetCompare3                          0x08001bd9   Thumb Code     4  stm32f10x_tim.o(.text)
    TIM_SetCompare4                          0x08001bdd   Thumb Code     6  stm32f10x_tim.o(.text)
    TIM_SetClockDivision                     0x08001be3   Thumb Code    18  stm32f10x_tim.o(.text)
    TIM_GetCapture1                          0x08001bf5   Thumb Code     6  stm32f10x_tim.o(.text)
    TIM_GetCapture2                          0x08001bfb   Thumb Code     6  stm32f10x_tim.o(.text)
    TIM_GetCapture3                          0x08001c01   Thumb Code     6  stm32f10x_tim.o(.text)
    TIM_GetCapture4                          0x08001c07   Thumb Code     8  stm32f10x_tim.o(.text)
    TIM_GetCounter                           0x08001c0f   Thumb Code     6  stm32f10x_tim.o(.text)
    TIM_GetPrescaler                         0x08001c15   Thumb Code     6  stm32f10x_tim.o(.text)
    TIM_GetFlagStatus                        0x08001c1b   Thumb Code    18  stm32f10x_tim.o(.text)
    TIM_ClearFlag                            0x08001c2d   Thumb Code     6  stm32f10x_tim.o(.text)
    TIM_GetITStatus                          0x08001c33   Thumb Code    34  stm32f10x_tim.o(.text)
    TIM_ClearITPendingBit                    0x08001c55   Thumb Code     6  stm32f10x_tim.o(.text)
    USART_DeInit                             0x08001c5d   Thumb Code   134  stm32f10x_usart.o(.text)
    USART_Init                               0x08001ce3   Thumb Code   210  stm32f10x_usart.o(.text)
    USART_StructInit                         0x08001db5   Thumb Code    24  stm32f10x_usart.o(.text)
    USART_ClockInit                          0x08001dcd   Thumb Code    34  stm32f10x_usart.o(.text)
    USART_ClockStructInit                    0x08001def   Thumb Code    12  stm32f10x_usart.o(.text)
    USART_Cmd                                0x08001dfb   Thumb Code    24  stm32f10x_usart.o(.text)
    USART_ITConfig                           0x08001e13   Thumb Code    74  stm32f10x_usart.o(.text)
    USART_DMACmd                             0x08001e5d   Thumb Code    18  stm32f10x_usart.o(.text)
    USART_SetAddress                         0x08001e6f   Thumb Code    18  stm32f10x_usart.o(.text)
    USART_WakeUpConfig                       0x08001e81   Thumb Code    18  stm32f10x_usart.o(.text)
    USART_ReceiverWakeUpCmd                  0x08001e93   Thumb Code    24  stm32f10x_usart.o(.text)
    USART_LINBreakDetectLengthConfig         0x08001eab   Thumb Code    18  stm32f10x_usart.o(.text)
    USART_LINCmd                             0x08001ebd   Thumb Code    24  stm32f10x_usart.o(.text)
    USART_SendData                           0x08001ed5   Thumb Code     8  stm32f10x_usart.o(.text)
    USART_ReceiveData                        0x08001edd   Thumb Code    10  stm32f10x_usart.o(.text)
    USART_SendBreak                          0x08001ee7   Thumb Code    10  stm32f10x_usart.o(.text)
    USART_SetGuardTime                       0x08001ef1   Thumb Code    16  stm32f10x_usart.o(.text)
    USART_SetPrescaler                       0x08001f01   Thumb Code    16  stm32f10x_usart.o(.text)
    USART_SmartCardCmd                       0x08001f11   Thumb Code    24  stm32f10x_usart.o(.text)
    USART_SmartCardNACKCmd                   0x08001f29   Thumb Code    24  stm32f10x_usart.o(.text)
    USART_HalfDuplexCmd                      0x08001f41   Thumb Code    24  stm32f10x_usart.o(.text)
    USART_OverSampling8Cmd                   0x08001f59   Thumb Code    22  stm32f10x_usart.o(.text)
    USART_OneBitMethodCmd                    0x08001f6f   Thumb Code    24  stm32f10x_usart.o(.text)
    USART_IrDAConfig                         0x08001f87   Thumb Code    18  stm32f10x_usart.o(.text)
    USART_IrDACmd                            0x08001f99   Thumb Code    24  stm32f10x_usart.o(.text)
    USART_GetFlagStatus                      0x08001fb1   Thumb Code    26  stm32f10x_usart.o(.text)
    USART_ClearFlag                          0x08001fcb   Thumb Code    18  stm32f10x_usart.o(.text)
    USART_GetITStatus                        0x08001fdd   Thumb Code    84  stm32f10x_usart.o(.text)
    USART_ClearITPendingBit                  0x08002031   Thumb Code    52  stm32f10x_usart.o(.text)
    delay_init                               0x08002065   Thumb Code    48  delay.o(.text)
    delay_us                                 0x08002095   Thumb Code    72  delay.o(.text)
    delay_ms                                 0x080020dd   Thumb Code    26  delay.o(.text)
    _sys_exit                                0x08002109   Thumb Code     6  usart.o(.text)
    fputc                                    0x0800210f   Thumb Code    24  usart.o(.text)
    usart2_send                              0x08002127   Thumb Code    22  usart.o(.text)
    uart2_init                               0x0800213d   Thumb Code   160  usart.o(.text)
    USART2_IRQHandler                        0x080021dd   Thumb Code    16  usart.o(.text)
    click_RC                                 0x080021ed   Thumb Code    88  usart.o(.text)
    MY_NVIC_SetVectorTable                   0x08002259   Thumb Code    12  system_init.o(.text)
    MY_NVIC_PriorityGroupConfig              0x08002265   Thumb Code    36  system_init.o(.text)
    MY_NVIC_Init                             0x08002289   Thumb Code   116  system_init.o(.text)
    Ex_NVIC_Config                           0x080022fd   Thumb Code   146  system_init.o(.text)
    MYRCC_DeInit                             0x0800238f   Thumb Code    90  system_init.o(.text)
    Sys_Standby                              0x080023e9   Thumb Code    68  system_init.o(.text)
    Sys_Soft_Reset                           0x0800242d   Thumb Code    12  system_init.o(.text)
    Stm32_Clock_Init                         0x08002439   Thumb Code   134  system_init.o(.text)
    JTAG_Set                                 0x080024bf   Thumb Code    42  system_init.o(.text)
    usart3_send                              0x08002515   Thumb Code    22  usartx.o(.text)
    uart3_init                               0x0800252b   Thumb Code   180  usartx.o(.text)
    USART3_IRQHandler                        0x080025df   Thumb Code    16  usartx.o(.text)
    Encoder_Init_TIM2                        0x080025fd   Thumb Code   200  encoder.o(.text)
    Encoder_Init_TIM3                        0x080026c5   Thumb Code   148  encoder.o(.text)
    Encoder_Init_TIM4                        0x08002759   Thumb Code   148  encoder.o(.text)
    Encoder_Init_TIM5                        0x080027ed   Thumb Code   148  encoder.o(.text)
    Read_Encoder                             0x08002881   Thumb Code   100  encoder.o(.text)
    TIM2_IRQHandler                          0x080028e5   Thumb Code    24  encoder.o(.text)
    TIM3_IRQHandler                          0x080028fd   Thumb Code    24  encoder.o(.text)
    TIM4_IRQHandler                          0x08002915   Thumb Code    24  encoder.o(.text)
    TIM5_IRQHandler                          0x0800292d   Thumb Code    24  encoder.o(.text)
    LED_Init                                 0x0800295d   Thumb Code    40  led.o(.text)
    Led_Flash                                0x08002985   Thumb Code    44  led.o(.text)
    MiniBalance_PWM_Init                     0x080029c1   Thumb Code   332  motor.o(.text)
    Motor_PWM_PWM_A                          0x08002b1d   Thumb Code    68  pwm.o(.text)
    Motor_PWM_PWM_B                          0x08002b61   Thumb Code    76  pwm.o(.text)
    Motor_PWM_PWM_C                          0x08002bad   Thumb Code    76  pwm.o(.text)
    Motor_PWM_PWM_D                          0x08002bf9   Thumb Code    76  pwm.o(.text)
    Motor_stop                               0x08002c45   Thumb Code    28  pwm.o(.text)
    OLED_SHOW_WR_Byte                        0x08002ca9   Thumb Code    84  test_oled.o(.text)
    OLED_SHOW_Refresh                        0x08002cfd   Thumb Code    70  test_oled.o(.text)
    OLED_Clean                               0x08002d43   Thumb Code    42  test_oled.o(.text)
    OLED_SHOW_INIT                           0x08002d6d   Thumb Code   298  test_oled.o(.text)
    OLED_SHOW_Off                            0x08002e97   Thumb Code    28  test_oled.o(.text)
    OLED_SHOW_On                             0x08002eb3   Thumb Code    28  test_oled.o(.text)
    OLED_SHOW_DRAWPOINT                      0x08002ecf   Thumb Code   100  test_oled.o(.text)
    OLED_SHOW_Char                           0x08002f33   Thumb Code   158  test_oled.o(.text)
    OLED_SHOW_String                         0x08002fd1   Thumb Code    68  test_oled.o(.text)
    OLED_SHOW_POW                            0x08003015   Thumb Code    22  test_oled.o(.text)
    OLED_SHOW_Number                         0x0800302b   Thumb Code   174  test_oled.o(.text)
    OLED_SHOW_Info                           0x080030d9   Thumb Code  1100  test_oled.o(.text)
    KEY_Init                                 0x08003525   Thumb Code    34  key.o(.text)
    click_N_Double                           0x08003547   Thumb Code   184  key.o(.text)
    click                                    0x080035ff   Thumb Code    38  key.o(.text)
    Long_Press                               0x08003625   Thumb Code    72  key.o(.text)
    Robot_cmd                                0x08003695   Thumb Code   124  input.o(.text)
    Get_Robot_Position                       0x08003711   Thumb Code   462  input.o(.text)
    test_uart                                0x08003959   Thumb Code    16  test_fuction.o(.text)
    test_pwm                                 0x08003969   Thumb Code    82  test_fuction.o(.text)
    test_display_UARTENCODER                 0x080039bb   Thumb Code   636  test_fuction.o(.text)
    test_display_MPU6050_DMP                 0x08003c37   Thumb Code   136  test_fuction.o(.text)
    __use_no_semihosting                     0x08003f45   Thumb Code     2  use_no_semi_2.o(.text)
    __2printf                                0x08003f49   Thumb Code    20  noretval__2printf.o(.text)
    _printf_int_dec                          0x08003f61   Thumb Code   104  _printf_dec.o(.text)
    __printf                                 0x08003fd9   Thumb Code   184  __printf_ss.o(.text)
    __use_two_region_memory                  0x08004091   Thumb Code     2  heapauxi.o(.text)
    __rt_heap_escrow$2region                 0x08004093   Thumb Code     2  heapauxi.o(.text)
    __rt_heap_expand$2region                 0x08004095   Thumb Code     2  heapauxi.o(.text)
    __I$use$semihosting                      0x08004097   Thumb Code     0  use_no_semi.o(.text)
    __use_no_semihosting_swi                 0x08004097   Thumb Code     2  use_no_semi.o(.text)
    _printf_int_common                       0x08004099   Thumb Code   178  _printf_intcommon.o(.text)
    __lib_sel_fp_printf                      0x0800414b   Thumb Code     2  _printf_fp_dec.o(.text)
    _printf_fp_dec_real                      0x080042fd   Thumb Code   620  _printf_fp_dec.o(.text)
    _printf_char_file                        0x08004569   Thumb Code    32  _printf_char_file.o(.text)
    __rt_locale                              0x0800458d   Thumb Code     8  rt_locale_intlibspace.o(.text)
    _ll_udiv10                               0x08004595   Thumb Code   138  lludiv10.o(.text)
    _printf_char_common                      0x0800462b   Thumb Code    32  _printf_char_common.o(.text)
    _printf_fp_infnan                        0x08004651   Thumb Code   112  _printf_fp_infnan.o(.text)
    _btod_etento                             0x080046d1   Thumb Code   224  bigflt0.o(.text)
    ferror                                   0x080047b5   Thumb Code     8  ferror.o(.text)
    __user_libspace                          0x080047bd   Thumb Code     8  libspace.o(.text)
    __user_perproc_libspace                  0x080047bd   Thumb Code     0  libspace.o(.text)
    __user_perthread_libspace                0x080047bd   Thumb Code     0  libspace.o(.text)
    __user_setup_stackheap                   0x080047c5   Thumb Code    74  sys_stackheap_outer.o(.text)
    exit                                     0x0800480f   Thumb Code    18  exit.o(.text)
    strcmp                                   0x08004821   Thumb Code   128  strcmpv7m.o(.text)
    _btod_d2e                                0x080048a1   Thumb Code    62  btod.o(CL$$btod_d2e)
    _d2e_denorm_low                          0x080048df   Thumb Code    70  btod.o(CL$$btod_d2e_denorm_low)
    _d2e_norm_op1                            0x08004925   Thumb Code    96  btod.o(CL$$btod_d2e_norm_op1)
    __btod_div_common                        0x08004985   Thumb Code   696  btod.o(CL$$btod_div_common)
    _e2e                                     0x08004cbd   Thumb Code   220  btod.o(CL$$btod_e2e)
    _btod_ediv                               0x08004d99   Thumb Code    42  btod.o(CL$$btod_ediv)
    _btod_emul                               0x08004dc3   Thumb Code    42  btod.o(CL$$btod_emul)
    __btod_mult_common                       0x08004ded   Thumb Code   580  btod.o(CL$$btod_mult_common)
    __ARM_fpclassify                         0x08005031   Thumb Code    40  fpclassify.o(i.__ARM_fpclassify)
    _get_lc_numeric                          0x08005059   Thumb Code    44  lc_numeric_c.o(locale$$code)
    __aeabi_d2f                              0x08005085   Thumb Code     0  d2f.o(x$fpl$d2f)
    _d2f                                     0x08005085   Thumb Code    98  d2f.o(x$fpl$d2f)
    __aeabi_dadd                             0x080050e9   Thumb Code     0  daddsub_clz.o(x$fpl$dadd)
    _dadd                                    0x080050e9   Thumb Code   332  daddsub_clz.o(x$fpl$dadd)
    __aeabi_ddiv                             0x08005239   Thumb Code     0  ddiv.o(x$fpl$ddiv)
    _ddiv                                    0x08005239   Thumb Code   552  ddiv.o(x$fpl$ddiv)
    __aeabi_i2d                              0x080054e9   Thumb Code     0  dflt_clz.o(x$fpl$dflt)
    _dflt                                    0x080054e9   Thumb Code    46  dflt_clz.o(x$fpl$dflt)
    __fpl_dnaninf                            0x08005517   Thumb Code   156  dnaninf.o(x$fpl$dnaninf)
    __fpl_dretinf                            0x080055b3   Thumb Code    12  dretinf.o(x$fpl$dretinf)
    __aeabi_dsub                             0x080055c1   Thumb Code     0  daddsub_clz.o(x$fpl$dsub)
    _dsub                                    0x080055c1   Thumb Code   464  daddsub_clz.o(x$fpl$dsub)
    __aeabi_f2d                              0x08005795   Thumb Code     0  f2d.o(x$fpl$f2d)
    _f2d                                     0x08005795   Thumb Code    86  f2d.o(x$fpl$f2d)
    __aeabi_fadd                             0x080057ed   Thumb Code     0  faddsub_clz.o(x$fpl$fadd)
    _fadd                                    0x080057ed   Thumb Code   196  faddsub_clz.o(x$fpl$fadd)
    __aeabi_f2iz                             0x080058b1   Thumb Code     0  ffix.o(x$fpl$ffix)
    _ffix                                    0x080058b1   Thumb Code    54  ffix.o(x$fpl$ffix)
    __aeabi_i2f                              0x080058e9   Thumb Code     0  fflt_clz.o(x$fpl$fflt)
    _fflt                                    0x080058e9   Thumb Code    48  fflt_clz.o(x$fpl$fflt)
    __aeabi_fmul                             0x08005919   Thumb Code     0  fmul.o(x$fpl$fmul)
    _fmul                                    0x08005919   Thumb Code   258  fmul.o(x$fpl$fmul)
    __fpl_fnaninf                            0x08005a1b   Thumb Code   140  fnaninf.o(x$fpl$fnaninf)
    __fpl_fretinf                            0x08005aa7   Thumb Code    10  fretinf.o(x$fpl$fretinf)
    __aeabi_frsub                            0x08005ab1   Thumb Code     0  faddsub_clz.o(x$fpl$frsb)
    _frsb                                    0x08005ab1   Thumb Code    20  faddsub_clz.o(x$fpl$frsb)
    __aeabi_fsub                             0x08005ac5   Thumb Code     0  faddsub_clz.o(x$fpl$fsub)
    _fsub                                    0x08005ac5   Thumb Code   234  faddsub_clz.o(x$fpl$fsub)
    _printf_fp_dec                           0x08005baf   Thumb Code     4  printf1.o(x$fpl$printf1)
    __I$use$fp                               0x08005bb2   Number         0  usenofp.o(x$fpl$usenofp)
    oled_asc2_1206_2                         0x08005bb2   Data        1140  test_oled.o(.constdata)
    oled_asc2_1608_2                         0x08006026   Data        1520  test_oled.o(.constdata)
    Region$$Table$$Base                      0x080066ac   Number         0  anon$$obj.o(Region$$Table)
    Region$$Table$$Limit                     0x080066cc   Number         0  anon$$obj.o(Region$$Table)
    gyroOffset                               0x20000000   Data          12  main.o(.data)
    accelOffset                              0x2000000c   Data          12  main.o(.data)
    errorA                                   0x20000018   Data           4  main.o(.data)
    errorB                                   0x2000001c   Data           4  main.o(.data)
    errorC                                   0x20000020   Data           4  main.o(.data)
    errorD                                   0x20000024   Data           4  main.o(.data)
    thetaA_cmd                               0x20000028   Data           4  main.o(.data)
    thetaB_cmd                               0x2000002c   Data           4  main.o(.data)
    thetaC_cmd                               0x20000030   Data           4  main.o(.data)
    thetaD_cmd                               0x20000034   Data           4  main.o(.data)
    thetaA                                   0x20000038   Data           4  main.o(.data)
    thetaB                                   0x2000003c   Data           4  main.o(.data)
    thetaC                                   0x20000040   Data           4  main.o(.data)
    thetaD                                   0x20000044   Data           4  main.o(.data)
    denA                                     0x20000048   Data           4  main.o(.data)
    denB                                     0x2000004c   Data           4  main.o(.data)
    denC                                     0x20000050   Data           4  main.o(.data)
    denD                                     0x20000054   Data           4  main.o(.data)
    othetaA                                  0x20000058   Data           4  main.o(.data)
    othetaB                                  0x2000005c   Data           4  main.o(.data)
    othetaC                                  0x20000060   Data           4  main.o(.data)
    othetaD                                  0x20000064   Data           4  main.o(.data)
    motor_A                                  0x20000068   Data           4  main.o(.data)
    motor_B                                  0x2000006c   Data           4  main.o(.data)
    motor_C                                  0x20000070   Data           4  main.o(.data)
    motor_D                                  0x20000074   Data           4  main.o(.data)
    Robot_Diff_angle                         0x20000078   Data           4  main.o(.data)
    Robot_Position_x                         0x2000007c   Data           4  main.o(.data)
    Robot_Velocity_x                         0x20000080   Data           4  main.o(.data)
    Robot_Position_y                         0x20000084   Data           4  main.o(.data)
    Robot_Velocity_y                         0x20000088   Data           4  main.o(.data)
    Angle_Pitch                              0x2000008c   Data           4  main.o(.data)
    Gyro_Pitch                               0x20000090   Data           4  main.o(.data)
    Angle_Roll                               0x20000094   Data           4  main.o(.data)
    Gyro_Roll                                0x20000098   Data           4  main.o(.data)
    Angle_Yaw                                0x2000009c   Data           4  main.o(.data)
    Gyro_Yaw                                 0x200000a0   Data           4  main.o(.data)
    running_count                            0x200000a4   Data           4  main.o(.data)
    Angle_KP                                 0x200000a8   Data           4  main.o(.data)
    Angle_Rate_KD                            0x200000ac   Data           4  main.o(.data)
    Postion_y_KP                             0x200000b0   Data           4  main.o(.data)
    Velocity_y_KD                            0x200000b4   Data           4  main.o(.data)
    Diff_angle_KP                            0x200000b8   Data           4  main.o(.data)
    Postion_x_KP                             0x200000bc   Data           4  main.o(.data)
    balance_y_control                        0x200000c0   Data           4  main.o(.data)
    steer_control                            0x200000c4   Data           4  main.o(.data)
    balance_x_control                        0x200000c8   Data           4  main.o(.data)
    _postion_y                               0x200000cc   Data           4  main.o(.data)
    postion_y_cmd                            0x200000d0   Data           4  main.o(.data)
    postion_y_error                          0x200000d4   Data           4  main.o(.data)
    _postion_x                               0x200000d8   Data           4  main.o(.data)
    postion_x_cmd                            0x200000dc   Data           4  main.o(.data)
    postion_x_error                          0x200000e0   Data           4  main.o(.data)
    _Diff_angle                              0x200000e4   Data           4  main.o(.data)
    Robot_Diff_angle_cmd                     0x200000e8   Data           4  main.o(.data)
    Robot_Diff_angle_error                   0x200000ec   Data           4  main.o(.data)
    SystemCoreClock                          0x200000f0   Data           4  system_stm32f10x.o(.data)
    AHBPrescTable                            0x200000f4   Data          16  system_stm32f10x.o(.data)
    __stdout                                 0x2000011c   Data           4  usart.o(.data)
    Usart_Receive                            0x20000120   Data           4  usart.o(.data)
    OLED_GRAM2                               0x2000013c   Data        1024  test_oled.o(.bss)
    __libspace_start                         0x2000053c   Data          96  libspace.o(.bss)
    __temporary_stack_top$libspace           0x2000059c   Data           0  libspace.o(.bss)



==============================================================================

Memory Map of the image

  Image Entry point : 0x08000131

  Load Region LR_IROM1 (Base: 0x08000000, Size: 0x00006824, Max: 0x00040000, ABSOLUTE, COMPRESSED[0x00006728])

    Execution Region ER_IROM1 (Exec base: 0x08000000, Load base: 0x08000000, Size: 0x000066e8, Max: 0x00040000, ABSOLUTE)

    Exec Addr    Load Addr    Size         Type   Attr      Idx    E Section Name        Object

    0x08000000   0x08000000   0x00000130   Data   RO          335    RESET               startup_stm32f10x_hd.o
    0x08000130   0x08000130   0x00000008   Code   RO         1487  * !!!main             c_w.l(__main.o)
    0x08000138   0x08000138   0x00000034   Code   RO         1865    !!!scatter          c_w.l(__scatter.o)
    0x0800016c   0x0800016c   0x0000005a   Code   RO         1863    !!dczerorl2         c_w.l(__dczerorl2.o)
    0x080001c6   0x080001c6   0x00000002   PAD
    0x080001c8   0x080001c8   0x0000001c   Code   RO         1867    !!handler_zi        c_w.l(__scatter_zi.o)
    0x080001e4   0x080001e4   0x00000000   Code   RO         1480    .ARM.Collect$$_printf_percent$$00000000  c_w.l(_printf_percent.o)
    0x080001e4   0x080001e4   0x00000006   Code   RO         1479    .ARM.Collect$$_printf_percent$$00000003  c_w.l(_printf_f.o)
    0x080001ea   0x080001ea   0x00000006   Code   RO         1478    .ARM.Collect$$_printf_percent$$00000009  c_w.l(_printf_d.o)
    0x080001f0   0x080001f0   0x00000004   Code   RO         1582    .ARM.Collect$$_printf_percent$$00000017  c_w.l(_printf_percent_end.o)
    0x080001f4   0x080001f4   0x00000002   Code   RO         1732    .ARM.Collect$$libinit$$00000000  c_w.l(libinit.o)
    0x080001f6   0x080001f6   0x00000000   Code   RO         1734    .ARM.Collect$$libinit$$00000002  c_w.l(libinit2.o)
    0x080001f6   0x080001f6   0x00000000   Code   RO         1736    .ARM.Collect$$libinit$$00000004  c_w.l(libinit2.o)
    0x080001f6   0x080001f6   0x00000000   Code   RO         1739    .ARM.Collect$$libinit$$0000000A  c_w.l(libinit2.o)
    0x080001f6   0x080001f6   0x00000000   Code   RO         1741    .ARM.Collect$$libinit$$0000000C  c_w.l(libinit2.o)
    0x080001f6   0x080001f6   0x00000000   Code   RO         1743    .ARM.Collect$$libinit$$0000000E  c_w.l(libinit2.o)
    0x080001f6   0x080001f6   0x00000006   Code   RO         1744    .ARM.Collect$$libinit$$0000000F  c_w.l(libinit2.o)
    0x080001fc   0x080001fc   0x00000000   Code   RO         1746    .ARM.Collect$$libinit$$00000011  c_w.l(libinit2.o)
    0x080001fc   0x080001fc   0x00000000   Code   RO         1748    .ARM.Collect$$libinit$$00000013  c_w.l(libinit2.o)
    0x080001fc   0x080001fc   0x00000000   Code   RO         1750    .ARM.Collect$$libinit$$00000015  c_w.l(libinit2.o)
    0x080001fc   0x080001fc   0x0000000a   Code   RO         1751    .ARM.Collect$$libinit$$00000016  c_w.l(libinit2.o)
    0x08000206   0x08000206   0x00000000   Code   RO         1752    .ARM.Collect$$libinit$$00000017  c_w.l(libinit2.o)
    0x08000206   0x08000206   0x00000000   Code   RO         1754    .ARM.Collect$$libinit$$00000019  c_w.l(libinit2.o)
    0x08000206   0x08000206   0x00000000   Code   RO         1756    .ARM.Collect$$libinit$$0000001B  c_w.l(libinit2.o)
    0x08000206   0x08000206   0x00000000   Code   RO         1758    .ARM.Collect$$libinit$$0000001D  c_w.l(libinit2.o)
    0x08000206   0x08000206   0x00000000   Code   RO         1760    .ARM.Collect$$libinit$$0000001F  c_w.l(libinit2.o)
    0x08000206   0x08000206   0x00000000   Code   RO         1762    .ARM.Collect$$libinit$$00000021  c_w.l(libinit2.o)
    0x08000206   0x08000206   0x00000000   Code   RO         1764    .ARM.Collect$$libinit$$00000023  c_w.l(libinit2.o)
    0x08000206   0x08000206   0x00000000   Code   RO         1766    .ARM.Collect$$libinit$$00000025  c_w.l(libinit2.o)
    0x08000206   0x08000206   0x00000000   Code   RO         1770    .ARM.Collect$$libinit$$0000002C  c_w.l(libinit2.o)
    0x08000206   0x08000206   0x00000000   Code   RO         1772    .ARM.Collect$$libinit$$0000002E  c_w.l(libinit2.o)
    0x08000206   0x08000206   0x00000000   Code   RO         1774    .ARM.Collect$$libinit$$00000030  c_w.l(libinit2.o)
    0x08000206   0x08000206   0x00000000   Code   RO         1776    .ARM.Collect$$libinit$$00000032  c_w.l(libinit2.o)
    0x08000206   0x08000206   0x00000002   Code   RO         1777    .ARM.Collect$$libinit$$00000033  c_w.l(libinit2.o)
    0x08000208   0x08000208   0x00000002   Code   RO         1823    .ARM.Collect$$libshutdown$$00000000  c_w.l(libshutdown.o)
    0x0800020a   0x0800020a   0x00000000   Code   RO         1832    .ARM.Collect$$libshutdown$$00000002  c_w.l(libshutdown2.o)
    0x0800020a   0x0800020a   0x00000000   Code   RO         1834    .ARM.Collect$$libshutdown$$00000004  c_w.l(libshutdown2.o)
    0x0800020a   0x0800020a   0x00000000   Code   RO         1837    .ARM.Collect$$libshutdown$$00000007  c_w.l(libshutdown2.o)
    0x0800020a   0x0800020a   0x00000000   Code   RO         1840    .ARM.Collect$$libshutdown$$0000000A  c_w.l(libshutdown2.o)
    0x0800020a   0x0800020a   0x00000000   Code   RO         1842    .ARM.Collect$$libshutdown$$0000000C  c_w.l(libshutdown2.o)
    0x0800020a   0x0800020a   0x00000000   Code   RO         1845    .ARM.Collect$$libshutdown$$0000000F  c_w.l(libshutdown2.o)
    0x0800020a   0x0800020a   0x00000002   Code   RO         1846    .ARM.Collect$$libshutdown$$00000010  c_w.l(libshutdown2.o)
    0x0800020c   0x0800020c   0x00000000   Code   RO         1571    .ARM.Collect$$rtentry$$00000000  c_w.l(__rtentry.o)
    0x0800020c   0x0800020c   0x00000000   Code   RO         1638    .ARM.Collect$$rtentry$$00000002  c_w.l(__rtentry2.o)
    0x0800020c   0x0800020c   0x00000006   Code   RO         1650    .ARM.Collect$$rtentry$$00000004  c_w.l(__rtentry4.o)
    0x08000212   0x08000212   0x00000000   Code   RO         1640    .ARM.Collect$$rtentry$$00000009  c_w.l(__rtentry2.o)
    0x08000212   0x08000212   0x00000004   Code   RO         1641    .ARM.Collect$$rtentry$$0000000A  c_w.l(__rtentry2.o)
    0x08000216   0x08000216   0x00000000   Code   RO         1643    .ARM.Collect$$rtentry$$0000000C  c_w.l(__rtentry2.o)
    0x08000216   0x08000216   0x00000008   Code   RO         1644    .ARM.Collect$$rtentry$$0000000D  c_w.l(__rtentry2.o)
    0x0800021e   0x0800021e   0x00000002   Code   RO         1780    .ARM.Collect$$rtexit$$00000000  c_w.l(rtexit.o)
    0x08000220   0x08000220   0x00000000   Code   RO         1793    .ARM.Collect$$rtexit$$00000002  c_w.l(rtexit2.o)
    0x08000220   0x08000220   0x00000004   Code   RO         1794    .ARM.Collect$$rtexit$$00000003  c_w.l(rtexit2.o)
    0x08000224   0x08000224   0x00000006   Code   RO         1795    .ARM.Collect$$rtexit$$00000004  c_w.l(rtexit2.o)
    0x0800022a   0x0800022a   0x00000002   PAD
    0x0800022c   0x0800022c   0x0000000c   Code   RO          964    .emb_text           system_init.o
    0x08000238   0x08000238   0x0000005c   Code   RO            4    .text               main.o
    0x08000294   0x08000294   0x0000001a   Code   RO          212    .text               stm32f10x_it.o
    0x080002ae   0x080002ae   0x00000002   PAD
    0x080002b0   0x080002b0   0x000001e0   Code   RO          239    .text               system_stm32f10x.o
    0x08000490   0x08000490   0x00000004   Code   RO          269    .text               exit_interupt.o
    0x08000494   0x08000494   0x00000040   Code   RO          336    .text               startup_stm32f10x_hd.o
    0x080004d4   0x080004d4   0x000000dc   Code   RO          343    .text               misc.o
    0x080005b0   0x080005b0   0x000000c4   Code   RO          391    .text               stm32f10x_bkp.o
    0x08000674   0x08000674   0x0000035c   Code   RO          631    .text               stm32f10x_gpio.o
    0x080009d0   0x080009d0   0x000000cc   Code   RO          703    .text               stm32f10x_pwr.o
    0x08000a9c   0x08000a9c   0x000003a4   Code   RO          727    .text               stm32f10x_rcc.o
    0x08000e40   0x08000e40   0x00000e1a   Code   RO          825    .text               stm32f10x_tim.o
    0x08001c5a   0x08001c5a   0x00000002   PAD
    0x08001c5c   0x08001c5c   0x00000408   Code   RO          849    .text               stm32f10x_usart.o
    0x08002064   0x08002064   0x000000a4   Code   RO          897    .text               delay.o
    0x08002108   0x08002108   0x00000150   Code   RO          927    .text               usart.o
    0x08002258   0x08002258   0x000002bc   Code   RO          965    .text               system_init.o
    0x08002514   0x08002514   0x000000e8   Code   RO          992    .text               usartx.o
    0x080025fc   0x080025fc   0x00000360   Code   RO         1019    .text               encoder.o
    0x0800295c   0x0800295c   0x00000064   Code   RO         1067    .text               led.o
    0x080029c0   0x080029c0   0x0000015c   Code   RO         1092    .text               motor.o
    0x08002b1c   0x08002b1c   0x0000018c   Code   RO         1116    .text               pwm.o
    0x08002ca8   0x08002ca8   0x0000087c   Code   RO         1239    .text               test_oled.o
    0x08003524   0x08003524   0x00000170   Code   RO         1270    .text               key.o
    0x08003694   0x08003694   0x000002c4   Code   RO         1375    .text               input.o
    0x08003958   0x08003958   0x000005ec   Code   RO         1423    .text               test_fuction.o
    0x08003f44   0x08003f44   0x00000002   Code   RO         1446    .text               c_w.l(use_no_semi_2.o)
    0x08003f46   0x08003f46   0x00000002   PAD
    0x08003f48   0x08003f48   0x00000018   Code   RO         1452    .text               c_w.l(noretval__2printf.o)
    0x08003f60   0x08003f60   0x00000078   Code   RO         1456    .text               c_w.l(_printf_dec.o)
    0x08003fd8   0x08003fd8   0x000000b8   Code   RO         1461    .text               c_w.l(__printf_ss.o)
    0x08004090   0x08004090   0x00000006   Code   RO         1485    .text               c_w.l(heapauxi.o)
    0x08004096   0x08004096   0x00000002   Code   RO         1569    .text               c_w.l(use_no_semi.o)
    0x08004098   0x08004098   0x000000b2   Code   RO         1576    .text               c_w.l(_printf_intcommon.o)
    0x0800414a   0x0800414a   0x0000041e   Code   RO         1578    .text               c_w.l(_printf_fp_dec.o)
    0x08004568   0x08004568   0x00000024   Code   RO         1580    .text               c_w.l(_printf_char_file.o)
    0x0800458c   0x0800458c   0x00000008   Code   RO         1659    .text               c_w.l(rt_locale_intlibspace.o)
    0x08004594   0x08004594   0x0000008a   Code   RO         1666    .text               c_w.l(lludiv10.o)
    0x0800461e   0x0800461e   0x00000002   PAD
    0x08004620   0x08004620   0x00000030   Code   RO         1668    .text               c_w.l(_printf_char_common.o)
    0x08004650   0x08004650   0x00000080   Code   RO         1670    .text               c_w.l(_printf_fp_infnan.o)
    0x080046d0   0x080046d0   0x000000e4   Code   RO         1672    .text               c_w.l(bigflt0.o)
    0x080047b4   0x080047b4   0x00000008   Code   RO         1697    .text               c_w.l(ferror.o)
    0x080047bc   0x080047bc   0x00000008   Code   RO         1714    .text               c_w.l(libspace.o)
    0x080047c4   0x080047c4   0x0000004a   Code   RO         1717    .text               c_w.l(sys_stackheap_outer.o)
    0x0800480e   0x0800480e   0x00000012   Code   RO         1723    .text               c_w.l(exit.o)
    0x08004820   0x08004820   0x00000080   Code   RO         1725    .text               c_w.l(strcmpv7m.o)
    0x080048a0   0x080048a0   0x0000003e   Code   RO         1675    CL$$btod_d2e        c_w.l(btod.o)
    0x080048de   0x080048de   0x00000046   Code   RO         1677    CL$$btod_d2e_denorm_low  c_w.l(btod.o)
    0x08004924   0x08004924   0x00000060   Code   RO         1676    CL$$btod_d2e_norm_op1  c_w.l(btod.o)
    0x08004984   0x08004984   0x00000338   Code   RO         1685    CL$$btod_div_common  c_w.l(btod.o)
    0x08004cbc   0x08004cbc   0x000000dc   Code   RO         1682    CL$$btod_e2e        c_w.l(btod.o)
    0x08004d98   0x08004d98   0x0000002a   Code   RO         1679    CL$$btod_ediv       c_w.l(btod.o)
    0x08004dc2   0x08004dc2   0x0000002a   Code   RO         1678    CL$$btod_emul       c_w.l(btod.o)
    0x08004dec   0x08004dec   0x00000244   Code   RO         1684    CL$$btod_mult_common  c_w.l(btod.o)
    0x08005030   0x08005030   0x00000028   Code   RO         1624    i.__ARM_fpclassify  m_ws.l(fpclassify.o)
    0x08005058   0x08005058   0x0000002c   Code   RO         1702    locale$$code        c_w.l(lc_numeric_c.o)
    0x08005084   0x08005084   0x00000062   Code   RO         1489    x$fpl$d2f           fz_ws.l(d2f.o)
    0x080050e6   0x080050e6   0x00000002   PAD
    0x080050e8   0x080050e8   0x00000150   Code   RO         1491    x$fpl$dadd          fz_ws.l(daddsub_clz.o)
    0x08005238   0x08005238   0x000002b0   Code   RO         1498    x$fpl$ddiv          fz_ws.l(ddiv.o)
    0x080054e8   0x080054e8   0x0000002e   Code   RO         1506    x$fpl$dflt          fz_ws.l(dflt_clz.o)
    0x08005516   0x08005516   0x0000009c   Code   RO         1587    x$fpl$dnaninf       fz_ws.l(dnaninf.o)
    0x080055b2   0x080055b2   0x0000000c   Code   RO         1589    x$fpl$dretinf       fz_ws.l(dretinf.o)
    0x080055be   0x080055be   0x00000002   PAD
    0x080055c0   0x080055c0   0x000001d4   Code   RO         1493    x$fpl$dsub          fz_ws.l(daddsub_clz.o)
    0x08005794   0x08005794   0x00000056   Code   RO         1515    x$fpl$f2d           fz_ws.l(f2d.o)
    0x080057ea   0x080057ea   0x00000002   PAD
    0x080057ec   0x080057ec   0x000000c4   Code   RO         1517    x$fpl$fadd          fz_ws.l(faddsub_clz.o)
    0x080058b0   0x080058b0   0x00000036   Code   RO         1529    x$fpl$ffix          fz_ws.l(ffix.o)
    0x080058e6   0x080058e6   0x00000002   PAD
    0x080058e8   0x080058e8   0x00000030   Code   RO         1538    x$fpl$fflt          fz_ws.l(fflt_clz.o)
    0x08005918   0x08005918   0x00000102   Code   RO         1545    x$fpl$fmul          fz_ws.l(fmul.o)
    0x08005a1a   0x08005a1a   0x0000008c   Code   RO         1593    x$fpl$fnaninf       fz_ws.l(fnaninf.o)
    0x08005aa6   0x08005aa6   0x0000000a   Code   RO         1595    x$fpl$fretinf       fz_ws.l(fretinf.o)
    0x08005ab0   0x08005ab0   0x00000014   Code   RO         1518    x$fpl$frsb          fz_ws.l(faddsub_clz.o)
    0x08005ac4   0x08005ac4   0x000000ea   Code   RO         1519    x$fpl$fsub          fz_ws.l(faddsub_clz.o)
    0x08005bae   0x08005bae   0x00000004   Code   RO         1549    x$fpl$printf1       fz_ws.l(printf1.o)
    0x08005bb2   0x08005bb2   0x00000000   Code   RO         1599    x$fpl$usenofp       fz_ws.l(usenofp.o)
    0x08005bb2   0x08005bb2   0x00000a64   Data   RO         1241    .constdata          test_oled.o
    0x08006616   0x08006616   0x00000002   PAD
    0x08006618   0x08006618   0x00000094   Data   RO         1673    .constdata          c_w.l(bigflt0.o)
    0x080066ac   0x080066ac   0x00000020   Data   RO         1861    Region$$Table       anon$$obj.o
    0x080066cc   0x080066cc   0x0000001c   Data   RO         1701    locale$$data        c_w.l(lc_numeric_c.o)


    Execution Region RW_IRAM1 (Exec base: 0x20000000, Load base: 0x080066e8, Size: 0x00000ba0, Max: 0x0000c000, ABSOLUTE, COMPRESSED[0x00000040])

    Exec Addr    Load Addr    Size         Type   Attr      Idx    E Section Name        Object

    0x20000000   COMPRESSED   0x000000f0   Data   RW            5    .data               main.o
    0x200000f0   COMPRESSED   0x00000014   Data   RW          240    .data               system_stm32f10x.o
    0x20000104   COMPRESSED   0x00000014   Data   RW          728    .data               stm32f10x_rcc.o
    0x20000118   COMPRESSED   0x00000004   Data   RW          898    .data               delay.o
    0x2000011c   COMPRESSED   0x00000009   Data   RW          928    .data               usart.o
    0x20000125   COMPRESSED   0x00000003   PAD
    0x20000128   COMPRESSED   0x00000004   Data   RW         1068    .data               led.o
    0x2000012c   COMPRESSED   0x0000000e   Data   RW         1271    .data               key.o
    0x2000013a   COMPRESSED   0x00000002   PAD
    0x2000013c        -       0x00000400   Zero   RW         1240    .bss                test_oled.o
    0x2000053c        -       0x00000060   Zero   RW         1715    .bss                c_w.l(libspace.o)
    0x2000059c   COMPRESSED   0x00000004   PAD
    0x200005a0        -       0x00000200   Zero   RW          334    HEAP                startup_stm32f10x_hd.o
    0x200007a0        -       0x00000400   Zero   RW          333    STACK               startup_stm32f10x_hd.o


==============================================================================

Image component sizes


      Code (inc. data)   RO Data    RW Data    ZI Data      Debug   Object Name

       164         18          0          4          0        983   delay.o
       864         24          0          0          0       2435   encoder.o
         4          0          0          0          0     205185   exit_interupt.o
       708        122          0          0          0        699   input.o
       368         40          0         14          0       1439   key.o
       100         16          0          4          0        685   led.o
        92          0          0        240          0      51083   main.o
       220         22          0          0          0       1705   misc.o
       348         16          0          0          0        839   motor.o
       396         72          0          0          0       1305   pwm.o
        64         26        304          0       1536        780   startup_stm32f10x_hd.o
       196          8          0          0          0       3408   stm32f10x_bkp.o
       860         38          0          0          0       5641   stm32f10x_gpio.o
        26          0          0          0          0       1158   stm32f10x_it.o
       204         14          0          0          0       1911   stm32f10x_pwr.o
       932         36          0         20          0       8788   stm32f10x_rcc.o
      3610         88          0          0          0      22748   stm32f10x_tim.o
      1032         22          0          0          0       8364   stm32f10x_usart.o
       712         44          0          0          0       2807   system_init.o
       480         38          0         20          0       1671   system_stm32f10x.o
      1516        646          0          0          0       1343   test_fuction.o
      2172        124       2660          0       1024       5116   test_oled.o
       336         20          0          9          0       3396   usart.o
       232         14          0          0          0       1015   usartx.o

    ----------------------------------------------------------------------
     15640       1448       2998        316       2560     334504   Object Totals
         0          0         32          0          0          0   (incl. Generated)
         4          0          2          5          0          0   (incl. Padding)

    ----------------------------------------------------------------------

      Code (inc. data)   RO Data    RW Data    ZI Data      Debug   Library Member Name

        90          0          0          0          0          0   __dczerorl2.o
         8          0          0          0          0         68   __main.o
       184          0          0          0          0         84   __printf_ss.o
         0          0          0          0          0          0   __rtentry.o
        12          0          0          0          0          0   __rtentry2.o
         6          0          0          0          0          0   __rtentry4.o
        52          8          0          0          0          0   __scatter.o
        28          0          0          0          0          0   __scatter_zi.o
        48          6          0          0          0         96   _printf_char_common.o
        36          4          0          0          0         80   _printf_char_file.o
         6          0          0          0          0          0   _printf_d.o
       120         16          0          0          0         92   _printf_dec.o
         6          0          0          0          0          0   _printf_f.o
      1054          0          0          0          0        216   _printf_fp_dec.o
       128         16          0          0          0         84   _printf_fp_infnan.o
       178          0          0          0          0         88   _printf_intcommon.o
         0          0          0          0          0          0   _printf_percent.o
         4          0          0          0          0          0   _printf_percent_end.o
       228          4        148          0          0         96   bigflt0.o
      1936        128          0          0          0        672   btod.o
        18          0          0          0          0         80   exit.o
         8          0          0          0          0         68   ferror.o
         6          0          0          0          0        152   heapauxi.o
        44         10         28          0          0         76   lc_numeric_c.o
         2          0          0          0          0          0   libinit.o
        18          0          0          0          0          0   libinit2.o
         2          0          0          0          0          0   libshutdown.o
         2          0          0          0          0          0   libshutdown2.o
         8          4          0          0         96         68   libspace.o
       138          0          0          0          0         80   lludiv10.o
        24          4          0          0          0         84   noretval__2printf.o
         8          4          0          0          0         68   rt_locale_intlibspace.o
         2          0          0          0          0          0   rtexit.o
        10          0          0          0          0          0   rtexit2.o
       128          0          0          0          0         68   strcmpv7m.o
        74          0          0          0          0         80   sys_stackheap_outer.o
         2          0          0          0          0         68   use_no_semi.o
         2          0          0          0          0         68   use_no_semi_2.o
        98          4          0          0          0         92   d2f.o
       804         16          0          0          0        272   daddsub_clz.o
       688        140          0          0          0        208   ddiv.o
        46          0          0          0          0         68   dflt_clz.o
       156          4          0          0          0         92   dnaninf.o
        12          0          0          0          0         68   dretinf.o
        86          4          0          0          0         84   f2d.o
       450          8          0          0          0        236   faddsub_clz.o
        54          4          0          0          0         84   ffix.o
        48          0          0          0          0         68   fflt_clz.o
       258          4          0          0          0         84   fmul.o
       140          4          0          0          0         84   fnaninf.o
        10          0          0          0          0         68   fretinf.o
         4          0          0          0          0         68   printf1.o
         0          0          0          0          0          0   usenofp.o
        40          0          0          0          0         68   fpclassify.o

    ----------------------------------------------------------------------
      7530        392        176          0        100       4180   Library Totals
        16          0          0          0          4          0   (incl. Padding)

    ----------------------------------------------------------------------

      Code (inc. data)   RO Data    RW Data    ZI Data      Debug   Library Name

      4620        204        176          0         96       2536   c_w.l
      2854        188          0          0          0       1576   fz_ws.l
        40          0          0          0          0         68   m_ws.l

    ----------------------------------------------------------------------
      7530        392        176          0        100       4180   Library Totals

    ----------------------------------------------------------------------

==============================================================================


      Code (inc. data)   RO Data    RW Data    ZI Data      Debug   

     23170       1840       3174        316       2660     334208   Grand Totals
     23170       1840       3174         64       2660     334208   ELF Image Totals (compressed)
     23170       1840       3174         64          0          0   ROM Totals

==============================================================================

    Total RO  Size (Code + RO Data)                26344 (  25.73kB)
    Total RW  Size (RW Data + ZI Data)              2976 (   2.91kB)
    Total ROM Size (Code + RO Data + RW Data)      26408 (  25.79kB)

==============================================================================

