<html>
<body>
<pre>
<h1>µVision Build Log</h1>
<h2>Tool Versions:</h2>
IDE-Version: £gVision V5.26.2.0
Copyright (C) 2018 ARM Ltd and ARM Germany GmbH. All rights reserved.
License Information: 0 0, 0, LIC=WHY9U-SXX1H-SA1DJ-U4LXL-8KHD3-E7BMS
 
Tool Versions:
Toolchain:       MDK-ARM Plus  Version: 5.26.2.0
Toolchain Path:  D:\Program Files\Keil_v5\ARM\ARMCC\Bin
C Compiler:      Armcc.exe V5.06 update 6 (build 750)
Assembler:       Armasm.exe V5.06 update 6 (build 750)
Linker/Locator:  ArmLink.exe V5.06 update 6 (build 750)
Library Manager: ArmAr.exe V5.06 update 6 (build 750)
Hex Converter:   FromElf.exe V5.06 update 6 (build 750)
CPU DLL:         SARMCM3.DLL V5.26.2.0
Dialog DLL:      DCM.DLL V1.17.2.0
Target DLL:      STLink\ST-LINKIII-KEIL_SWO.dll V3.0.5.0
Dialog DLL:      TCM.DLL V1.36.1.0
 
<h2>Project:</h2>
C:\Users\steve\Documents\GitHub\STM32\STM32F103\workspace\test_v3_0729\User\Minibalance.uvprojx
Project File Date:  07/29/2020

<h2>Output:</h2>
*** Using Compiler 'V5.06 update 6 (build 750)', folder: 'D:\Program Files\Keil_v5\ARM\ARMCC\Bin'
Build target 'Minibalance'
compiling EXIT_interupt.c...
..\HARDWARE\USER_UI_INPUT\input.h(6): warning:  #1295-D: Deprecated declaration Robot_cmd - give arg types
  void Robot_cmd();
..\HARDWARE\USER_UI_INPUT\input.h(7): warning:  #1295-D: Deprecated declaration Get_Robot_Position - give arg types
  void Get_Robot_Position();
..\HARDWARE\USER_UI_INPUT\input.h(8): warning:  #1-D: last line of file ends without a newline
  #endif
..\HARDWARE\USER_UI_OUTPUT\output.h(8): warning:  #1-D: last line of file ends without a newline
  #endif
EXIT_interupt.c(37): warning:  #167-D: argument of type "volatile float *" is incompatible with parameter of type "float *"
  		recvData(USART2,&Angle_KP,&Angle_Rate_KD,&Postion_y_KP, &Velocity_y_KD);
EXIT_interupt.c(37): warning:  #167-D: argument of type "volatile float *" is incompatible with parameter of type "float *"
  		recvData(USART2,&Angle_KP,&Angle_Rate_KD,&Postion_y_KP, &Velocity_y_KD);
EXIT_interupt.c(37): warning:  #167-D: argument of type "volatile float *" is incompatible with parameter of type "float *"
  		recvData(USART2,&Angle_KP,&Angle_Rate_KD,&Postion_y_KP, &Velocity_y_KD);
EXIT_interupt.c(37): warning:  #167-D: argument of type "volatile float *" is incompatible with parameter of type "float *"
  		recvData(USART2,&Angle_KP,&Angle_Rate_KD,&Postion_y_KP, &Velocity_y_KD);
EXIT_interupt.c(40): warning:  #1-D: last line of file ends without a newline
  }
EXIT_interupt.c: 9 warnings, 0 errors
linking...
Program Size: Code=41344 RO-data=3984 RW-data=396 ZI-data=1732  
FromELF: creating hex file...
"..\OBJ\Minibalance.axf" - 0 Error(s), 9 Warning(s).

<h2>Software Packages used:</h2>

Package Vendor: ARM
                http://www.keil.com/pack/ARM.CMSIS.5.4.0.pack
                ARM.CMSIS.5.4.0
                CMSIS (Cortex Microcontroller Software Interface Standard)
   * Component: CORE Version: 5.1.2

Package Vendor: Keil
                http://www.keil.com/pack/Keil.STM32F1xx_DFP.2.3.0.pack
                Keil.STM32F1xx_DFP.2.3.0
                STMicroelectronics STM32F1 Series Device Support, Drivers and Examples

<h2>Collection of Component include folders:</h2>
  .\RTE\_Minibalance
  D:\Program Files\Keil_v5\ARM\PACK\ARM\CMSIS\5.4.0\CMSIS\Core\Include
  D:\Program Files\Keil_v5\ARM\PACK\Keil\STM32F1xx_DFP\2.3.0\Device\Include

<h2>Collection of Component Files used:</h2>

   * Component: ARM::CMSIS:CORE:5.1.2
Build Time Elapsed:  00:00:01
</pre>
</body>
</html>
